Microchip MPLAB XC8 Compiler V1.45 ()

Linker command line:

-W-3 --edf=C:\Program Files (x86)\Microchip\xc8\v1.45\dat\en_msgs.txt -cs \
  -h+dist/default/debug\CuriosityWithADXL345.debug.sym \
  --cmf=dist/default/debug\CuriosityWithADXL345.debug.cmf -z -Q16F1619 \
  -oC:\Users\rputra\AppData\Local\Temp\s2og.2 \
  -Mdist/default/debug/CuriosityWithADXL345.debug.map -E1 -ver=XC8 \
  -ASTACK=02048h-023efh -pstack=STACK -ACODE=00h-07FFhx4 \
  -ASTRCODE=00h-01FFFh -ASTRING=00h-0FFhx32 -ACONST=00h-0FFhx32 \
  -AENTRY=00h-0FFhx32 -ACOMMON=070h-07Fh -ABANK0=020h-06Fh \
  -ABANK1=0A0h-0EFh -ABANK2=0120h-016Fh -ABANK3=01A0h-01EFh \
  -ABANK4=0220h-026Fh -ABANK5=02A0h-02EFh -ABANK6=0320h-036Fh \
  -ABANK7=03A0h-03EFh -ABANK8=0420h-046Fh -ABANK9=04A0h-04EFh \
  -ABANK10=0520h-056Fh -ABANK11=05A0h-05EFh -ABANK12=0620h-064Fh \
  -ABIGRAM=02000h-023EFh \
  -ARAM=020h-06Fh,0A0h-0EFh,0120h-016Fh,01A0h-01EFh,0220h-026Fh,02A0h-02EFh,0320h-036Fh,03A0h-03EFh,0420h-046Fh,04A0h-04EFh,0520h-056Fh,05A0h-05EFh,0620h-064Fh \
  -AABS1=020h-07Fh,0A0h-0EFh,0120h-016Fh,01A0h-01EFh,0220h-026Fh,02A0h-02EFh,0320h-036Fh,03A0h-03EFh,0420h-046Fh,04A0h-04EFh,0520h-056Fh,05A0h-05EFh,0620h-064Fh \
  -ASFR0=00h-01Fh -ASFR1=080h-09Fh -ASFR2=0100h-011Fh -ASFR3=0180h-019Fh \
  -ASFR4=0200h-021Fh -ASFR5=0280h-029Fh -ASFR6=0300h-031Fh \
  -ASFR7=0380h-039Fh -ASFR8=0400h-041Fh -ASFR9=0480h-049Fh \
  -ASFR10=0500h-051Fh -ASFR11=0580h-059Fh -ASFR12=0600h-061Fh \
  -ASFR13=0680h-06EFh -ASFR14=0700h-076Fh -ASFR15=0780h-07EFh \
  -ASFR16=0800h-086Fh -ASFR17=0880h-08EFh -ASFR18=0900h-096Fh \
  -ASFR19=0980h-09EFh -ASFR20=0A00h-0A6Fh -ASFR21=0A80h-0AEFh \
  -ASFR22=0B00h-0B6Fh -ASFR23=0B80h-0BEFh -ASFR24=0C00h-0C6Fh \
  -ASFR25=0C80h-0CEFh -ASFR26=0D00h-0D6Fh -ASFR27=0D80h-0DEFh \
  -ASFR28=0E00h-0E6Fh -ASFR29=0E80h-0EEFh -ASFR30=0F00h-0F6Fh \
  -ASFR31=0F80h-0FEFh -preset_vec=00h,intentry=04h,init,end_init \
  -ppowerup=CODE -pcinit=CODE -pfunctab=ENTRY -ACONFIG=08007h-08009h \
  -pconfig=CONFIG -DCONFIG=2 -AIDLOC=08000h-08003h -pidloc=IDLOC -DIDLOC=2 \
  -DCODE=2 -DSTRCODE=2 -DSTRING=2 -DCONST=2 -DENTRY=2 -k \
  C:\Users\rputra\AppData\Local\Temp\s2og.obj \
  dist/default/debug\CuriosityWithADXL345.debug.obj 

Object code version is 3.11

Machine type is 16F1619



                Name                               Link     Load   Length Selector   Space Scale
C:\Users\rputra\AppData\Local\Temp\s2og.obj
                end_init                             29       29        2        8       0
                reset_vec                             0        0        3        0       0
                config                             8007     8007        3    1000E       0
dist/default/debug\CuriosityWithADXL345.debug.obj
                cinit                                2B       2B       11        8       0
                intentry                              4        4       25        8       0
                text21                              3C8      3C8        3      6EE       0
                text20                              38C      38C       11      6EE       0
                text19                              3C4      3C4        4      6EE       0
                swtext1                             35F      35F       18      6BE       0
                text18                               3C       3C      130        8       0
                text17                              3CD      3CD        1      6EE       0
                text16                              39D      39D        B      6EE       0
                text15                              320      320       21        8       0
                text13                              1C1      1C1       55        8       0
                text12                              216      216       3E        8       0
                text11                              3CC      3CC        1      6EE       0
                text10                              291      291       3C        8       0
                text9                               341      341       1E        8       0
                text8                               3CB      3CB        1      6EE       0
                text7                               254      254       3D        8       0
                text6                               16C      16C       55        8       0
                text5                               3B1      3B1        7      6EE       0
                text4                               2F9      2F9       27        8       0
                text3                               3BE      3BE        6      6EE       0
                text2                               377      377       15      6EE       0
                text1                               3A8      3A8        9      6EE       0
                maintext                            2CD      2CD       2C        8       0
                cstackBANK0                          43       43       22       20       1
                cstackCOMMON                         76       76        6       70       1
                clrtext                             3B8      3B8        6      6EE       0
                bssBANK0                             20       20       23       20       1
                bssCOMMON                            70       70        6       70       1
                nvBANK0                              65       65        3       20       1

TOTAL           Name                               Link     Load   Length     Space
        CLASS   STACK          

        CLASS   CODE           
                end_init                             29       29        2         0
                cinit                                2B       2B       11         0
                intentry                              4        4       25         0
                reset_vec                             0        0        3         0
                text21                              3C8      3C8        3         0
                text20                              38C      38C       11         0
                text19                              3C4      3C4        4         0
                text18                               3C       3C      130         0
                text17                              3CD      3CD        1         0
                text16                              39D      39D        B         0
                text15                              320      320       21         0
                text13                              1C1      1C1       55         0
                text12                              216      216       3E         0
                text11                              3CC      3CC        1         0
                text10                              291      291       3C         0
                text9                               341      341       1E         0
                text8                               3CB      3CB        1         0
                text7                               254      254       3D         0
                text6                               16C      16C       55         0
                text5                               3B1      3B1        7         0
                text4                               2F9      2F9       27         0
                text3                               3BE      3BE        6         0
                text2                               377      377       15         0
                text1                               3A8      3A8        9         0
                maintext                            2CD      2CD       2C         0
                clrtext                             3B8      3B8        6         0

        CLASS   STRCODE        

        CLASS   STRING         

        CLASS   CONST          
                swtext1                             35F      35F       18         0

        CLASS   ENTRY          

        CLASS   COMMON         
                cstackCOMMON                         76       76        6         1
                bssCOMMON                            70       70        6         1

        CLASS   BANK0          
                cstackBANK0                          43       43       22         1
                bssBANK0                             20       20       23         1
                nvBANK0                              65       65        3         1

        CLASS   BANK1          

        CLASS   BANK2          

        CLASS   BANK3          

        CLASS   BANK4          

        CLASS   BANK5          

        CLASS   BANK6          

        CLASS   BANK7          

        CLASS   BANK8          

        CLASS   BANK9          

        CLASS   BANK10         

        CLASS   BANK11         

        CLASS   BANK12         

        CLASS   BIGRAM         

        CLASS   RAM            

        CLASS   ABS1           
                abs_s1                               7E       7E        2         1

        CLASS   SFR0           

        CLASS   SFR1           

        CLASS   SFR2           

        CLASS   SFR3           

        CLASS   SFR4           

        CLASS   SFR5           

        CLASS   SFR6           

        CLASS   SFR7           

        CLASS   SFR8           

        CLASS   SFR9           

        CLASS   SFR10          

        CLASS   SFR11          

        CLASS   SFR12          

        CLASS   SFR13          

        CLASS   SFR14          

        CLASS   SFR15          

        CLASS   SFR16          

        CLASS   SFR17          

        CLASS   SFR18          

        CLASS   SFR19          

        CLASS   SFR20          

        CLASS   SFR21          

        CLASS   SFR22          

        CLASS   SFR23          

        CLASS   SFR24          

        CLASS   SFR25          

        CLASS   SFR26          

        CLASS   SFR27          

        CLASS   SFR28          

        CLASS   SFR29          

        CLASS   SFR30          

        CLASS   SFR31          

        CLASS   CONFIG         
                config                             8007     8007        3         0

        CLASS   IDLOC          

        CLASS   BANK31         

        CLASS   BANK30         

        CLASS   BANK29         

        CLASS   BANK28         

        CLASS   BANK27         

        CLASS   BANK26         

        CLASS   BANK25         

        CLASS   BANK24         

        CLASS   BANK23         

        CLASS   BANK22         

        CLASS   BANK21         

        CLASS   BANK20         

        CLASS   BANK19         

        CLASS   BANK18         

        CLASS   BANK17         

        CLASS   BANK16         

        CLASS   BANK15         

        CLASS   BANK14         

        CLASS   BANK13         

        CLASS   EEDATA         



SEGMENTS        Name                           Load    Length   Top    Selector   Space  Class     Delta

                reset_vec                      000000  000003  000003         0       0  CODE        2
                intentry                       000004  00035B  00035F         8       0  CODE        2
                bssBANK0                       000020  000048  000068        20       1  BANK0       1
                bssCOMMON                      000070  00000C  00007C        70       1  COMMON      1
                swtext1                        00035F  000018  000377       6BE       0  CONST       2
                text2                          000377  000057  0003CE       6EE       0  CODE        2
                config                         008007  000003  00800A     1000E       0  CONFIG      2


UNUSED ADDRESS RANGES

        Name                Unused          Largest block    Delta
        BANK0            00068-0006F               8           1
        BANK1            000A0-000EF              50           1
        BANK10           00520-0056F              50           1
        BANK11           005A0-005EF              50           1
        BANK12           00620-0064F              30           1
        BANK2            00120-0016F              50           1
        BANK3            001A0-001EF              50           1
        BANK4            00220-0026F              50           1
        BANK5            002A0-002EF              50           1
        BANK6            00320-0036F              50           1
        BANK7            003A0-003EF              50           1
        BANK8            00420-0046F              50           1
        BANK9            004A0-004EF              50           1
        BIGRAM           02000-023EF             3F0           1
        CODE             00003-00003               1           2
                         003CE-01FFF             800
        COMMON           0007C-0007D               2           1
        CONST            00003-00003               1           2
                         003CE-01FFF             100
        ENTRY            00003-00003               1           2
                         003CE-01FFF             100
        IDLOC            08000-08003               4           2
        RAM              00068-0006F               8           1
                         000A0-000EF              50
                         00120-0016F              50
                         001A0-001EF              50
                         00220-0026F              50
                         002A0-002EF              50
                         00320-0036F              50
                         003A0-003EF              50
                         00420-0046F              50
                         004A0-004EF              50
                         00520-0056F              50
                         005A0-005EF              50
                         00620-0064F              30
        SFR0             00000-0001F              20           1
        SFR1             00080-0009F              20           1
        SFR10            00500-0051F              20           1
        SFR11            00580-0059F              20           1
        SFR12            00600-0061F              20           1
        SFR13            00680-006EF              70           1
        SFR14            00700-0076F              70           1
        SFR15            00780-007EF              70           1
        SFR16            00800-0086F              70           1
        SFR17            00880-008EF              70           1
        SFR18            00900-0096F              70           1
        SFR19            00980-009EF              70           1
        SFR2             00100-0011F              20           1
        SFR20            00A00-00A6F              70           1
        SFR21            00A80-00AEF              70           1
        SFR22            00B00-00B6F              70           1
        SFR23            00B80-00BEF              70           1
        SFR24            00C00-00C6F              70           1
        SFR25            00C80-00CEF              70           1
        SFR26            00D00-00D6F              70           1
        SFR27            00D80-00DEF              70           1
        SFR28            00E00-00E6F              70           1
        SFR29            00E80-00EEF              70           1
        SFR3             00180-0019F              20           1
        SFR30            00F00-00F6F              70           1
        SFR31            00F80-00FEF              70           1
        SFR4             00200-0021F              20           1
        SFR5             00280-0029F              20           1
        SFR6             00300-0031F              20           1
        SFR7             00380-0039F              20           1
        SFR8             00400-0041F              20           1
        SFR9             00480-0049F              20           1
        STACK            02048-023EF             3A8           1
        STRCODE          00003-00003               1           2
                         003CE-01FFF            1C32
        STRING           00003-00003               1           2
                         003CE-01FFF             100

                                  Symbol Table

ADXL345_GetRegisterValue@F85              bssBANK0     00030
ADXL345_GetRegisterValue@dataBuffer       cstackBANK0  0004E
ADXL345_GetRegisterValue@registerAddress  cstackBANK0  00050
ADXL345_GetRegisterValue@registerValue    cstackBANK0  00051
ADXL345_GetXyz@F101                       bssBANK0     00020
ADXL345_Init@commProtocol                 cstackBANK0  00053
ADXL345_Init@status                       cstackBANK0  00054
ADXL345_SetRegisterValue@F90              bssBANK0     0002E
AccelReadStatus@DataAdd                   cstackBANK0  00043
AccelReadStatus@SlaveAdd                  cstackBANK0  00046
AccelReadStatus@TempData                  cstackBANK0  00045
I2C_ISR@i2c_10bit_address_restart         bssBANK0     00032
I2C_ISR@i2c_address                       bssCOMMON    00074
I2C_ISR@i2c_bytes_left                    bssBANK0     00033
I2C_ISR@pi2c_buf_ptr                      bssBANK0     00034
I2C_Init@brgValue                         cstackBANK0  0004B
I2C_Init@clockFreq                        cstackBANK0  00043
I2C_Init@pbFrequency                      cstackBANK0  00047
I2C_Init@status                           cstackBANK0  0004D
I2C_MasterRead@trBlock                    bssBANK0     00038
I2C_MasterWrite@trBlock                   bssBANK0     0003C
I2C_Read@acknowledge                      cstackBANK0  0004A
I2C_Read@byte                             cstackBANK0  0004B
I2C_Read@bytesNumber                      cstackBANK0  00044
I2C_Read@dataBuffer                       cstackBANK0  00043
I2C_Read@slaveAddress                     cstackBANK0  00049
I2C_Read@status                           cstackBANK0  00048
I2C_Read@stopBit                          cstackBANK0  00045
I2C_Write@acknowledge                     cstackBANK0  00049
I2C_Write@byte                            cstackBANK0  0004A
I2C_Write@bytesNumber                     cstackBANK0  00044
I2C_Write@dataBuffer                      cstackBANK0  00043
I2C_Write@slaveAddress                    cstackBANK0  00048
I2C_Write@status                          cstackBANK0  00047
I2C_Write@stopBit                         cstackBANK0  00045
SPI_Init@clockEdg                         cstackBANK0  00048
SPI_Init@clockFreq                        cstackBANK0  00043
SPI_Init@clockPol                         cstackBANK0  00047
SPI_Read@bytesNumber                      cstackBANK0  00044
SPI_Read@data                             cstackBANK0  00043
TMR0_ISR@CountCallBack                    bssBANK0     0002C
TMR0_SetInterruptHandler@InterruptHandler cstackBANK0  00043
_ADXL345_GetRegisterValue                 text10       00291
_ADXL345_Init                             text7        00254
_ANSELA                                   (abs)        0018C
_ANSELB                                   (abs)        0018D
_ANSELC                                   (abs)        0018E
_AccelReadStatus                          text6        0016C
_BORCON                                   (abs)        00116
_I2C_BusCollisionISR                      text21       003C8
_I2C_FunctionComplete                     text20       0038C
_I2C_ISR                                  text18       0003C
_I2C_Init                                 text9        00341
_I2C_Read                                 text13       001C1
_I2C_Stop                                 text19       003C4
_I2C_Write                                text12       00216
_INTCONbits                               (abs)        0000B
_INTERRUPT_InterruptManager               intentry     00004
_LATA                                     (abs)        0010C
_LATB                                     (abs)        0010D
_LATC                                     (abs)        0010E
_LATCbits                                 (abs)        0010E
_ODCONA                                   (abs)        0028C
_ODCONB                                   (abs)        0028D
_ODCONC                                   (abs)        0028E
_OPTION_REG                               (abs)        00095
_OPTION_REGbits                           (abs)        00095
_OSCCON                                   (abs)        00099
_OSCILLATOR_Initialize                    text5        003B1
_OSCTUNE                                  (abs)        00098
_PIE1bits                                 (abs)        00090
_PIE2bits                                 (abs)        00091
_PIN_MANAGER_Initialize                   text4        002F9
_PIR1bits                                 (abs)        00010
_PIR2bits                                 (abs)        00011
_RB4PPS                                   (abs)        00E9C
_RB6PPS                                   (abs)        00E9E
_SPI_Init                                 text8        003CB
_SPI_Read                                 text11       003CC
_SSP1ADD                                  (abs)        00212
_SSP1BUF                                  (abs)        00211
_SSP1CON1                                 (abs)        00215
_SSP1CON1bits                             (abs)        00215
_SSP1CON2bits                             (abs)        00216
_SSP1CON3                                 (abs)        00217
_SSP1STAT                                 (abs)        00214
_SSP1STATbits                             (abs)        00214
_SSPBUF                                   (abs)        00211
_SSPCLKPPS                                (abs)        00E20
_SSPDATPPS                                (abs)        00E21
_SYSTEM_Initialize                        text1        003A8
_TMR0                                     (abs)        00015
_TMR0_CallBack                            text16       0039D
_TMR0_DefaultInterruptHandler             text17       003CD
_TMR0_ISR                                 text15       00320
_TMR0_Initialize                          text2        00377
_TMR0_InterruptHandler                    nvBANK0      00065
_TMR0_SetInterruptHandler                 text3        003BE
_TRISA                                    (abs)        0008C
_TRISB                                    (abs)        0008D
_TRISC                                    (abs)        0008E
_WPUA                                     (abs)        0020C
_WPUB                                     (abs)        0020D
_WPUC                                     (abs)        0020E
__CFG_BOREN$ON                            (abs)        00000
__CFG_BORV$LO                             (abs)        00000
__CFG_CLKOUTEN$OFF                        (abs)        00000
__CFG_CP$OFF                              (abs)        00000
__CFG_FCMEN$ON                            (abs)        00000
__CFG_FOSC$INTOSC                         (abs)        00000
__CFG_IESO$ON                             (abs)        00000
__CFG_LPBOR$OFF                           (abs)        00000
__CFG_LVP$ON                              (abs)        00000
__CFG_MCLRE$ON                            (abs)        00000
__CFG_PLLEN$ON                            (abs)        00000
__CFG_PPS1WAY$ON                          (abs)        00000
__CFG_PWRTE$OFF                           (abs)        00000
__CFG_STVREN$ON                           (abs)        00000
__CFG_WDTCCS$SWC                          (abs)        00000
__CFG_WDTCPS$WDTCPS1F                     (abs)        00000
__CFG_WDTCWS$WDTCWSSW                     (abs)        00000
__CFG_WDTE$OFF                            (abs)        00000
__CFG_WRT$OFF                             (abs)        00000
__CFG_ZCD$OFF                             (abs)        00000
__Habs1                                   abs1         00000
__Hbank0                                  bank0        00000
__Hbank1                                  bank1        00000
__Hbank10                                 bank10       00000
__Hbank11                                 bank11       00000
__Hbank12                                 bank12       00000
__Hbank13                                 bank13       00000
__Hbank14                                 bank14       00000
__Hbank15                                 bank15       00000
__Hbank16                                 bank16       00000
__Hbank17                                 bank17       00000
__Hbank18                                 bank18       00000
__Hbank19                                 bank19       00000
__Hbank2                                  bank2        00000
__Hbank20                                 bank20       00000
__Hbank21                                 bank21       00000
__Hbank22                                 bank22       00000
__Hbank23                                 bank23       00000
__Hbank24                                 bank24       00000
__Hbank25                                 bank25       00000
__Hbank26                                 bank26       00000
__Hbank27                                 bank27       00000
__Hbank28                                 bank28       00000
__Hbank29                                 bank29       00000
__Hbank3                                  bank3        00000
__Hbank30                                 bank30       00000
__Hbank31                                 bank31       00000
__Hbank4                                  bank4        00000
__Hbank5                                  bank5        00000
__Hbank6                                  bank6        00000
__Hbank7                                  bank7        00000
__Hbank8                                  bank8        00000
__Hbank9                                  bank9        00000
__Hbigram                                 bigram       00000
__HbssBANK0                               bssBANK0     00000
__HbssCOMMON                              bssCOMMON    00000
__Hcinit                                  cinit        0003C
__Hclrtext                                clrtext      00000
__Hcode                                   code         00000
__Hcommon                                 common       00000
__Hconfig                                 config       0800A
__HcstackBANK0                            cstackBANK0  00000
__HcstackCOMMON                           cstackCOMMON 00000
__Heeprom_data                            eeprom_data  00000
__Hend_init                               end_init     0002B
__Hfunctab                                functab      00000
__Hidloc                                  idloc        00000
__Hinit                                   init         00029
__Hintentry                               intentry     00029
__Hmaintext                               maintext     00000
__HnvBANK0                                nvBANK0      00000
__Hpowerup                                powerup      00000
__Hram                                    ram          00000
__Hreset_vec                              reset_vec    00003
__Hsfr0                                   sfr0         00000
__Hsfr1                                   sfr1         00000
__Hsfr10                                  sfr10        00000
__Hsfr11                                  sfr11        00000
__Hsfr12                                  sfr12        00000
__Hsfr13                                  sfr13        00000
__Hsfr14                                  sfr14        00000
__Hsfr15                                  sfr15        00000
__Hsfr16                                  sfr16        00000
__Hsfr17                                  sfr17        00000
__Hsfr18                                  sfr18        00000
__Hsfr19                                  sfr19        00000
__Hsfr2                                   sfr2         00000
__Hsfr20                                  sfr20        00000
__Hsfr21                                  sfr21        00000
__Hsfr22                                  sfr22        00000
__Hsfr23                                  sfr23        00000
__Hsfr24                                  sfr24        00000
__Hsfr25                                  sfr25        00000
__Hsfr26                                  sfr26        00000
__Hsfr27                                  sfr27        00000
__Hsfr28                                  sfr28        00000
__Hsfr29                                  sfr29        00000
__Hsfr3                                   sfr3         00000
__Hsfr30                                  sfr30        00000
__Hsfr31                                  sfr31        00000
__Hsfr4                                   sfr4         00000
__Hsfr5                                   sfr5         00000
__Hsfr6                                   sfr6         00000
__Hsfr7                                   sfr7         00000
__Hsfr8                                   sfr8         00000
__Hsfr9                                   sfr9         00000
__Hspace_0                                (abs)        0800A
__Hspace_1                                (abs)        0007C
__Hspace_2                                (abs)        00000
__Hspace_3                                (abs)        00000
__Hstack                                  stack        00000
__Hstrings                                strings      00000
__Htext                                   text         00000
__Labs1                                   abs1         00000
__Lbank0                                  bank0        00000
__Lbank1                                  bank1        00000
__Lbank10                                 bank10       00000
__Lbank11                                 bank11       00000
__Lbank12                                 bank12       00000
__Lbank13                                 bank13       00000
__Lbank14                                 bank14       00000
__Lbank15                                 bank15       00000
__Lbank16                                 bank16       00000
__Lbank17                                 bank17       00000
__Lbank18                                 bank18       00000
__Lbank19                                 bank19       00000
__Lbank2                                  bank2        00000
__Lbank20                                 bank20       00000
__Lbank21                                 bank21       00000
__Lbank22                                 bank22       00000
__Lbank23                                 bank23       00000
__Lbank24                                 bank24       00000
__Lbank25                                 bank25       00000
__Lbank26                                 bank26       00000
__Lbank27                                 bank27       00000
__Lbank28                                 bank28       00000
__Lbank29                                 bank29       00000
__Lbank3                                  bank3        00000
__Lbank30                                 bank30       00000
__Lbank31                                 bank31       00000
__Lbank4                                  bank4        00000
__Lbank5                                  bank5        00000
__Lbank6                                  bank6        00000
__Lbank7                                  bank7        00000
__Lbank8                                  bank8        00000
__Lbank9                                  bank9        00000
__Lbigram                                 bigram       00000
__LbssBANK0                               bssBANK0     00000
__LbssCOMMON                              bssCOMMON    00000
__Lcinit                                  cinit        0002B
__Lclrtext                                clrtext      00000
__Lcode                                   code         00000
__Lcommon                                 common       00000
__Lconfig                                 config       08007
__LcstackBANK0                            cstackBANK0  00000
__LcstackCOMMON                           cstackCOMMON 00000
__Leeprom_data                            eeprom_data  00000
__Lend_init                               end_init     00029
__Lfunctab                                functab      00000
__Lidloc                                  idloc        00000
__Linit                                   init         00029
__Lintentry                               intentry     00004
__Lmaintext                               maintext     00000
__LnvBANK0                                nvBANK0      00000
__Lpowerup                                powerup      00000
__Lram                                    ram          00000
__Lreset_vec                              reset_vec    00000
__Lsfr0                                   sfr0         00000
__Lsfr1                                   sfr1         00000
__Lsfr10                                  sfr10        00000
__Lsfr11                                  sfr11        00000
__Lsfr12                                  sfr12        00000
__Lsfr13                                  sfr13        00000
__Lsfr14                                  sfr14        00000
__Lsfr15                                  sfr15        00000
__Lsfr16                                  sfr16        00000
__Lsfr17                                  sfr17        00000
__Lsfr18                                  sfr18        00000
__Lsfr19                                  sfr19        00000
__Lsfr2                                   sfr2         00000
__Lsfr20                                  sfr20        00000
__Lsfr21                                  sfr21        00000
__Lsfr22                                  sfr22        00000
__Lsfr23                                  sfr23        00000
__Lsfr24                                  sfr24        00000
__Lsfr25                                  sfr25        00000
__Lsfr26                                  sfr26        00000
__Lsfr27                                  sfr27        00000
__Lsfr28                                  sfr28        00000
__Lsfr29                                  sfr29        00000
__Lsfr3                                   sfr3         00000
__Lsfr30                                  sfr30        00000
__Lsfr31                                  sfr31        00000
__Lsfr4                                   sfr4         00000
__Lsfr5                                   sfr5         00000
__Lsfr6                                   sfr6         00000
__Lsfr7                                   sfr7         00000
__Lsfr8                                   sfr8         00000
__Lsfr9                                   sfr9         00000
__Lspace_0                                (abs)        00000
__Lspace_1                                (abs)        00000
__Lspace_2                                (abs)        00000
__Lspace_3                                (abs)        00000
__Lstack                                  stack        00000
__Lstrings                                strings      00000
__Ltext                                   text         00000
__S0                                      (abs)        0800A
__S1                                      (abs)        0007C
__S2                                      (abs)        00000
___int_sp                                 stack        00000
___latbits                                (abs)        00002
___sp                                     stack        00000
__end_of_ADXL345_GetRegisterValue         text10       002CD
__end_of_ADXL345_Init                     text7        00291
__end_of_AccelReadStatus                  text6        001C1
__end_of_I2C_BusCollisionISR              text21       003CB
__end_of_I2C_FunctionComplete             text20       0039D
__end_of_I2C_ISR                          text18       0016C
__end_of_I2C_Init                         text9        0035F
__end_of_I2C_Read                         text13       00216
__end_of_I2C_Stop                         text19       003C8
__end_of_I2C_Write                        text12       00254
__end_of_INTERRUPT_InterruptManager       intentry     00029
__end_of_OSCILLATOR_Initialize            text5        003B8
__end_of_PIN_MANAGER_Initialize           text4        00320
__end_of_SPI_Init                         text8        003CC
__end_of_SPI_Read                         text11       003CD
__end_of_SYSTEM_Initialize                text1        003B1
__end_of_TMR0_CallBack                    text16       003A8
__end_of_TMR0_DefaultInterruptHandler     text17       003CE
__end_of_TMR0_ISR                         text15       00341
__end_of_TMR0_Initialize                  text2        0038C
__end_of_TMR0_SetInterruptHandler         text3        003C4
__end_of__initialization                  cinit        00038
__end_of_main                             maintext     002F9
__initialization                          cinit        0002B
__pbssBANK0                               bssBANK0     00020
__pbssCOMMON                              bssCOMMON    00070
__pcstackBANK0                            cstackBANK0  00043
__pcstackCOMMON                           cstackCOMMON 00076
__pintentry                               intentry     00004
__pmaintext                               maintext     002CD
__pnvBANK0                                nvBANK0      00065
__pswtext1                                swtext1      0035F
__ptext1                                  text1        003A8
__ptext10                                 text10       00291
__ptext11                                 text11       003CC
__ptext12                                 text12       00216
__ptext13                                 text13       001C1
__ptext15                                 text15       00320
__ptext16                                 text16       0039D
__ptext17                                 text17       003CD
__ptext18                                 text18       0003C
__ptext19                                 text19       003C4
__ptext2                                  text2        00377
__ptext20                                 text20       0038C
__ptext21                                 text21       003C8
__ptext3                                  text3        003BE
__ptext4                                  text4        002F9
__ptext5                                  text5        003B1
__ptext6                                  text6        0016C
__ptext7                                  text7        00254
__ptext8                                  text8        003CB
__ptext9                                  text9        00341
__size_of_ADXL345_GetRegisterValue        (abs)        00000
__size_of_ADXL345_Init                    (abs)        00000
__size_of_AccelReadStatus                 (abs)        00000
__size_of_I2C_BusCollisionISR             (abs)        00000
__size_of_I2C_FunctionComplete            (abs)        00000
__size_of_I2C_ISR                         (abs)        00000
__size_of_I2C_Init                        (abs)        00000
__size_of_I2C_Read                        (abs)        00000
__size_of_I2C_Stop                        (abs)        00000
__size_of_I2C_Write                       (abs)        00000
__size_of_INTERRUPT_InterruptManager      (abs)        00000
__size_of_OSCILLATOR_Initialize           (abs)        00000
__size_of_PIN_MANAGER_Initialize          (abs)        00000
__size_of_SPI_Init                        (abs)        00000
__size_of_SPI_Read                        (abs)        00000
__size_of_SYSTEM_Initialize               (abs)        00000
__size_of_TMR0_CallBack                   (abs)        00000
__size_of_TMR0_DefaultInterruptHandler    (abs)        00000
__size_of_TMR0_ISR                        (abs)        00000
__size_of_TMR0_Initialize                 (abs)        00000
__size_of_TMR0_SetInterruptHandler        (abs)        00000
__size_of_main                            (abs)        00000
_communicationType                        bssBANK0     00037
_fullResolutionSet                        bssCOMMON    00072
_i2c_object                               bssBANK0     00027
_i2c_state                                bssCOMMON    00071
_i2c_tr_queue                             bssBANK0     00040
_i2c_trb_count                            bssBANK0     00036
_main                                     maintext     002CD
_p_i2c_current                            bssBANK0     00035
_p_i2c_trb_current                        bssCOMMON    00070
_selectedRange                            bssCOMMON    00073
_timer0ReloadVal                          nvBANK0      00067
btemp                                     (abs)        0007E
clear_ram0                                clrtext      003B8
end_of_initialization                     cinit        00038
int$flags                                 (abs)        0007E
intlevel0                                 functab      00000
intlevel1                                 functab      00000
intlevel2                                 functab      00000
intlevel3                                 functab      00000
intlevel4                                 functab      00000
intlevel5                                 functab      00000
main@AccelStatus                          cstackBANK0  00063
main@AccelX                               cstackBANK0  00056
main@AccelXtemp                           cstackBANK0  0005C
main@AccelY                               cstackBANK0  00058
main@AccelYtemp                           cstackBANK0  0005E
main@AccelZ                               cstackBANK0  0005A
main@AccelZtemp                           cstackBANK0  00060
main@counter                              cstackBANK0  00064
main@i2cStatus                            cstackBANK0  00062
reset_vec                                 reset_vec    00000
stackhi                                   (abs)        023EF
stacklo                                   (abs)        02048
start                                     init         00029
start_initialization                      cinit        0002B
wtemp0                                    (abs)        0007E


FUNCTION INFORMATION:

 *************** function _main *****************
 Defined at:
		line 45 in file "../projectswithmick/CuriositywithADXL345Port/main.c"
 Parameters:    Size  Location     Type
		None
 Auto vars:     Size  Location     Type
  AccelZtemp      2   29[BANK0 ] int 
  AccelYtemp      2   27[BANK0 ] int 
  AccelXtemp      2   25[BANK0 ] int 
  AccelZ          2   23[BANK0 ] int 
  AccelY          2   21[BANK0 ] int 
  AccelX          2   19[BANK0 ] int 
  z               2    0        short 
  y               2    0        short 
  x               2    0        short 
  counter         1   33[BANK0 ] unsigned char 
  AccelStatus     1   32[BANK0 ] unsigned char 
  i2cStatus       1   31[BANK0 ] unsigned char 
  TempZLSB        1    0        unsigned char 
  TempZMSB        1    0        unsigned char 
  TempYLSB        1    0        unsigned char 
  TempYMSB        1    0        unsigned char 
  TempXLSB        1    0        unsigned char 
  TempXMSB        1    0        unsigned char 
  DeviceID        1    0        unsigned char 
 Return value:  Size  Location     Type
                  1    wreg      void 
 Registers used:
		wreg, fsr1l, fsr1h, status,2, status,0, pclath, cstack
 Tracked objects:
		On entry : 
		On exit  : 
		Unchanged: 
 Data sizes:     COMMON   BANK0   BANK1   BANK2   BANK3   BANK4   BANK5   BANK6   BANK7   BANK8   BANK9  BANK10  BANK11  BANK12
      Params:         0       0       0       0       0       0       0       0       0       0       0       0       0       0
      Locals:         0      15       0       0       0       0       0       0       0       0       0       0       0       0
      Temps:          0       1       0       0       0       0       0       0       0       0       0       0       0       0
      Totals:         0      16       0       0       0       0       0       0       0       0       0       0       0       0
Total ram usage:       16 bytes
 Hardware stack levels required when called:    7
 This function calls:
		_ADXL345_Init
		_AccelReadStatus
		_SYSTEM_Initialize
 This function is called by:
		Startup code after reset
 This function uses a non-reentrant model


 *************** function _SYSTEM_Initialize *****************
 Defined at:
		line 77 in file "../projectswithmick/CuriositywithADXL345Port/mcc.c"
 Parameters:    Size  Location     Type
		None
 Auto vars:     Size  Location     Type
		None
 Return value:  Size  Location     Type
                  1    wreg      void 
 Registers used:
		wreg, status,2, status,0, pclath, cstack
 Tracked objects:
		On entry : 
		On exit  : 
		Unchanged: 
 Data sizes:     COMMON   BANK0   BANK1   BANK2   BANK3   BANK4   BANK5   BANK6   BANK7   BANK8   BANK9  BANK10  BANK11  BANK12
      Params:         0       0       0       0       0       0       0       0       0       0       0       0       0       0
      Locals:         0       0       0       0       0       0       0       0       0       0       0       0       0       0
      Temps:          0       0       0       0       0       0       0       0       0       0       0       0       0       0
      Totals:         0       0       0       0       0       0       0       0       0       0       0       0       0       0
Total ram usage:        0 bytes
 Hardware stack levels used:    1
 Hardware stack levels required when called:    6
 This function calls:
		_OSCILLATOR_Initialize
		_PIN_MANAGER_Initialize
		_TMR0_Initialize
 This function is called by:
		_main
 This function uses a non-reentrant model


 *************** function _TMR0_Initialize *****************
 Defined at:
		line 63 in file "../projectswithmick/CuriositywithADXL345Port/tmr0.c"
 Parameters:    Size  Location     Type
		None
 Auto vars:     Size  Location     Type
		None
 Return value:  Size  Location     Type
                  1    wreg      void 
 Registers used:
		wreg, status,2, status,0, pclath, cstack
 Tracked objects:
		On entry : 
		On exit  : 
		Unchanged: 
 Data sizes:     COMMON   BANK0   BANK1   BANK2   BANK3   BANK4   BANK5   BANK6   BANK7   BANK8   BANK9  BANK10  BANK11  BANK12
      Params:         0       0       0       0       0       0       0       0       0       0       0       0       0       0
      Locals:         0       0       0       0       0       0       0       0       0       0       0       0       0       0
      Temps:          0       1       0       0       0       0       0       0       0       0       0       0       0       0
      Totals:         0       1       0       0       0       0       0       0       0       0       0       0       0       0
Total ram usage:        1 bytes
 Hardware stack levels used:    1
 Hardware stack levels required when called:    5
 This function calls:
		_TMR0_SetInterruptHandler
 This function is called by:
		_SYSTEM_Initialize
 This function uses a non-reentrant model


 *************** function _TMR0_SetInterruptHandler *****************
 Defined at:
		line 139 in file "../projectswithmick/CuriositywithADXL345Port/tmr0.c"
 Parameters:    Size  Location     Type
  InterruptHan    2    0[BANK0 ] PTR FTN()void 
		 -> TMR0_DefaultInterruptHandler(1), 
 Auto vars:     Size  Location     Type
		None
 Return value:  Size  Location     Type
                  1    wreg      void 
 Registers used:
		wreg
 Tracked objects:
		On entry : 
		On exit  : 
		Unchanged: 
 Data sizes:     COMMON   BANK0   BANK1   BANK2   BANK3   BANK4   BANK5   BANK6   BANK7   BANK8   BANK9  BANK10  BANK11  BANK12
      Params:         0       2       0       0       0       0       0       0       0       0       0       0       0       0
      Locals:         0       0       0       0       0       0       0       0       0       0       0       0       0       0
      Temps:          0       0       0       0       0       0       0       0       0       0       0       0       0       0
      Totals:         0       2       0       0       0       0       0       0       0       0       0       0       0       0
Total ram usage:        2 bytes
 Hardware stack levels used:    1
 Hardware stack levels required when called:    4
 This function calls:
		Nothing
 This function is called by:
		_TMR0_Initialize
 This function uses a non-reentrant model


 *************** function _PIN_MANAGER_Initialize *****************
 Defined at:
		line 52 in file "../projectswithmick/CuriositywithADXL345Port/pin_manager.c"
 Parameters:    Size  Location     Type
		None
 Auto vars:     Size  Location     Type
		None
 Return value:  Size  Location     Type
                  1    wreg      void 
 Registers used:
		wreg, status,2
 Tracked objects:
		On entry : 
		On exit  : 
		Unchanged: 
 Data sizes:     COMMON   BANK0   BANK1   BANK2   BANK3   BANK4   BANK5   BANK6   BANK7   BANK8   BANK9  BANK10  BANK11  BANK12
      Params:         0       0       0       0       0       0       0       0       0       0       0       0       0       0
      Locals:         0       0       0       0       0       0       0       0       0       0       0       0       0       0
      Temps:          0       0       0       0       0       0       0       0       0       0       0       0       0       0
      Totals:         0       0       0       0       0       0       0       0       0       0       0       0       0       0
Total ram usage:        0 bytes
 Hardware stack levels used:    1
 Hardware stack levels required when called:    4
 This function calls:
		Nothing
 This function is called by:
		_SYSTEM_Initialize
 This function uses a non-reentrant model


 *************** function _OSCILLATOR_Initialize *****************
 Defined at:
		line 85 in file "../projectswithmick/CuriositywithADXL345Port/mcc.c"
 Parameters:    Size  Location     Type
		None
 Auto vars:     Size  Location     Type
		None
 Return value:  Size  Location     Type
                  1    wreg      void 
 Registers used:
		wreg, status,2
 Tracked objects:
		On entry : 
		On exit  : 
		Unchanged: 
 Data sizes:     COMMON   BANK0   BANK1   BANK2   BANK3   BANK4   BANK5   BANK6   BANK7   BANK8   BANK9  BANK10  BANK11  BANK12
      Params:         0       0       0       0       0       0       0       0       0       0       0       0       0       0
      Locals:         0       0       0       0       0       0       0       0       0       0       0       0       0       0
      Temps:          0       0       0       0       0       0       0       0       0       0       0       0       0       0
      Totals:         0       0       0       0       0       0       0       0       0       0       0       0       0       0
Total ram usage:        0 bytes
 Hardware stack levels used:    1
 Hardware stack levels required when called:    4
 This function calls:
		Nothing
 This function is called by:
		_SYSTEM_Initialize
 This function uses a non-reentrant model


 *************** function _AccelReadStatus *****************
 Defined at:
		line 292 in file "../projectswithmick/CuriositywithADXL345Port/main.c"
 Parameters:    Size  Location     Type
  SlaveAdd        1    wreg     unsigned char 
  DataAdd         1    0[BANK0 ] unsigned char 
 Auto vars:     Size  Location     Type
  SlaveAdd        1    3[BANK0 ] unsigned char 
  TempData        1    2[BANK0 ] unsigned char 
 Return value:  Size  Location     Type
                  1    wreg      unsigned char 
 Registers used:
		wreg, status,2, status,0
 Tracked objects:
		On entry : 
		On exit  : 
		Unchanged: 
 Data sizes:     COMMON   BANK0   BANK1   BANK2   BANK3   BANK4   BANK5   BANK6   BANK7   BANK8   BANK9  BANK10  BANK11  BANK12
      Params:         0       1       0       0       0       0       0       0       0       0       0       0       0       0
      Locals:         0       2       0       0       0       0       0       0       0       0       0       0       0       0
      Temps:          0       1       0       0       0       0       0       0       0       0       0       0       0       0
      Totals:         0       4       0       0       0       0       0       0       0       0       0       0       0       0
Total ram usage:        4 bytes
 Hardware stack levels used:    1
 Hardware stack levels required when called:    4
 This function calls:
		Nothing
 This function is called by:
		_main
 This function uses a non-reentrant model


 *************** function _ADXL345_Init *****************
 Defined at:
		line 135 in file "../projectswithmick/CuriositywithADXL345Port/ADXL345.c"
 Parameters:    Size  Location     Type
  commProtocol    1    wreg     unsigned char 
 Auto vars:     Size  Location     Type
  commProtocol    1   16[BANK0 ] unsigned char 
  status          1   17[BANK0 ] unsigned char 
 Return value:  Size  Location     Type
                  1    wreg      unsigned char 
 Registers used:
		wreg, fsr1l, fsr1h, status,2, status,0, pclath, cstack
 Tracked objects:
		On entry : 
		On exit  : 
		Unchanged: 
 Data sizes:     COMMON   BANK0   BANK1   BANK2   BANK3   BANK4   BANK5   BANK6   BANK7   BANK8   BANK9  BANK10  BANK11  BANK12
      Params:         0       0       0       0       0       0       0       0       0       0       0       0       0       0
      Locals:         0       2       0       0       0       0       0       0       0       0       0       0       0       0
      Temps:          0       1       0       0       0       0       0       0       0       0       0       0       0       0
      Totals:         0       3       0       0       0       0       0       0       0       0       0       0       0       0
Total ram usage:        3 bytes
 Hardware stack levels used:    1
 Hardware stack levels required when called:    6
 This function calls:
		_ADXL345_GetRegisterValue
		_I2C_Init
		_SPI_Init
 This function is called by:
		_main
 This function uses a non-reentrant model


 *************** function _SPI_Init *****************
 Defined at:
		line 218 in file "../projectswithmick/CuriositywithADXL345Port/Communication.c"
 Parameters:    Size  Location     Type
  lsbFirst        1    wreg     unsigned char 
  clockFreq       4    0[BANK0 ] unsigned long 
  clockPol        1    4[BANK0 ] unsigned char 
  clockEdg        1    5[BANK0 ] unsigned char 
 Auto vars:     Size  Location     Type
  lsbFirst        1    0[COMMON] unsigned char 
 Return value:  Size  Location     Type
                  1    wreg      unsigned char 
 Registers used:
		wreg
 Tracked objects:
		On entry : 
		On exit  : 
		Unchanged: 
 Data sizes:     COMMON   BANK0   BANK1   BANK2   BANK3   BANK4   BANK5   BANK6   BANK7   BANK8   BANK9  BANK10  BANK11  BANK12
      Params:         0       6       0       0       0       0       0       0       0       0       0       0       0       0
      Locals:         0       0       0       0       0       0       0       0       0       0       0       0       0       0
      Temps:          0       0       0       0       0       0       0       0       0       0       0       0       0       0
      Totals:         0       6       0       0       0       0       0       0       0       0       0       0       0       0
Total ram usage:        6 bytes
 Hardware stack levels used:    1
 Hardware stack levels required when called:    4
 This function calls:
		Nothing
 This function is called by:
		_ADXL345_Init
 This function uses a non-reentrant model


 *************** function _I2C_Init *****************
 Defined at:
		line 56 in file "../projectswithmick/CuriositywithADXL345Port/Communication.c"
 Parameters:    Size  Location     Type
  clockFreq       4    0[BANK0 ] unsigned long 
 Auto vars:     Size  Location     Type
  pbFrequency     4    4[BANK0 ] unsigned long 
  brgValue        2    8[BANK0 ] unsigned short 
  status          1   10[BANK0 ] unsigned char 
 Return value:  Size  Location     Type
                  1    wreg      unsigned char 
 Registers used:
		wreg, status,2
 Tracked objects:
		On entry : 
		On exit  : 
		Unchanged: 
 Data sizes:     COMMON   BANK0   BANK1   BANK2   BANK3   BANK4   BANK5   BANK6   BANK7   BANK8   BANK9  BANK10  BANK11  BANK12
      Params:         0       4       0       0       0       0       0       0       0       0       0       0       0       0
      Locals:         0       7       0       0       0       0       0       0       0       0       0       0       0       0
      Temps:          0       0       0       0       0       0       0       0       0       0       0       0       0       0
      Totals:         0      11       0       0       0       0       0       0       0       0       0       0       0       0
Total ram usage:       11 bytes
 Hardware stack levels used:    1
 Hardware stack levels required when called:    4
 This function calls:
		Nothing
 This function is called by:
		_ADXL345_Init
 This function uses a non-reentrant model


 *************** function _ADXL345_GetRegisterValue *****************
 Defined at:
		line 67 in file "../projectswithmick/CuriositywithADXL345Port/ADXL345.c"
 Parameters:    Size  Location     Type
  registerAddr    1    wreg     unsigned char 
 Auto vars:     Size  Location     Type
  registerAddr    1   13[BANK0 ] unsigned char 
  dataBuffer      2   11[BANK0 ] unsigned char [2]
  registerValu    1   14[BANK0 ] unsigned char 
 Return value:  Size  Location     Type
                  1    wreg      unsigned char 
 Registers used:
		wreg, fsr1l, fsr1h, status,2, status,0, pclath, cstack
 Tracked objects:
		On entry : 
		On exit  : 
		Unchanged: 
 Data sizes:     COMMON   BANK0   BANK1   BANK2   BANK3   BANK4   BANK5   BANK6   BANK7   BANK8   BANK9  BANK10  BANK11  BANK12
      Params:         0       0       0       0       0       0       0       0       0       0       0       0       0       0
      Locals:         0       4       0       0       0       0       0       0       0       0       0       0       0       0
      Temps:          0       2       0       0       0       0       0       0       0       0       0       0       0       0
      Totals:         0       6       0       0       0       0       0       0       0       0       0       0       0       0
Total ram usage:        6 bytes
 Hardware stack levels used:    1
 Hardware stack levels required when called:    5
 This function calls:
		_I2C_Read
		_I2C_Write
		_SPI_Read
 This function is called by:
		_ADXL345_Init
		_ADXL345_SetPowerMode
		_ADXL345_SetTapDetection
		_ADXL345_SetActivityDetection
		_ADXL345_SetInactivityDetection
		_ADXL345_SetFreeFallDetection
		_ADXL345_SetRangeResolution
 This function uses a non-reentrant model


 *************** function _SPI_Read *****************
 Defined at:
		line 236 in file "../projectswithmick/CuriositywithADXL345Port/Communication.c"
 Parameters:    Size  Location     Type
  slaveDeviceI    1    wreg     unsigned char 
  data            1    0[BANK0 ] PTR unsigned char 
		 -> ADXL345_GetXyz@readBuffer(7), ADXL345_GetRegisterValue@dataBuffer(2), 
  bytesNumber     1    1[BANK0 ] unsigned char 
 Auto vars:     Size  Location     Type
  slaveDeviceI    1    0[COMMON] unsigned char 
 Return value:  Size  Location     Type
                  1    wreg      unsigned char 
 Registers used:
		wreg
 Tracked objects:
		On entry : 
		On exit  : 
		Unchanged: 
 Data sizes:     COMMON   BANK0   BANK1   BANK2   BANK3   BANK4   BANK5   BANK6   BANK7   BANK8   BANK9  BANK10  BANK11  BANK12
      Params:         0       2       0       0       0       0       0       0       0       0       0       0       0       0
      Locals:         0       0       0       0       0       0       0       0       0       0       0       0       0       0
      Temps:          0       0       0       0       0       0       0       0       0       0       0       0       0       0
      Totals:         0       2       0       0       0       0       0       0       0       0       0       0       0       0
Total ram usage:        2 bytes
 Hardware stack levels used:    1
 Hardware stack levels required when called:    4
 This function calls:
		Nothing
 This function is called by:
		_ADXL345_GetRegisterValue
		_ADXL345_GetXyz
 This function uses a non-reentrant model


 *************** function _I2C_Write *****************
 Defined at:
		line 98 in file "../projectswithmick/CuriositywithADXL345Port/Communication.c"
 Parameters:    Size  Location     Type
  slaveAddress    1    wreg     unsigned char 
  dataBuffer      1    0[BANK0 ] PTR unsigned char 
		 -> ADXL345_GetXyz@firstRegAddress(1), ADXL345_SetRegisterValue@dataBuffer(2), ADXL345_GetRegisterValue@registerAddress(1), 
  bytesNumber     1    1[BANK0 ] unsigned char 
  stopBit         1    2[BANK0 ] unsigned char 
 Auto vars:     Size  Location     Type
  slaveAddress    1    5[BANK0 ] unsigned char 
  byte            1    7[BANK0 ] unsigned char 
  acknowledge     1    6[BANK0 ] unsigned char 
  status          1    4[BANK0 ] unsigned char 
 Return value:  Size  Location     Type
                  1    wreg      unsigned char 
 Registers used:
		wreg, fsr1l, fsr1h, status,2, status,0
 Tracked objects:
		On entry : 
		On exit  : 
		Unchanged: 
 Data sizes:     COMMON   BANK0   BANK1   BANK2   BANK3   BANK4   BANK5   BANK6   BANK7   BANK8   BANK9  BANK10  BANK11  BANK12
      Params:         0       3       0       0       0       0       0       0       0       0       0       0       0       0
      Locals:         0       4       0       0       0       0       0       0       0       0       0       0       0       0
      Temps:          0       1       0       0       0       0       0       0       0       0       0       0       0       0
      Totals:         0       8       0       0       0       0       0       0       0       0       0       0       0       0
Total ram usage:        8 bytes
 Hardware stack levels used:    1
 Hardware stack levels required when called:    4
 This function calls:
		Nothing
 This function is called by:
		_ADXL345_GetRegisterValue
		_ADXL345_SetRegisterValue
		_ADXL345_GetXyz
 This function uses a non-reentrant model


 *************** function _I2C_Read *****************
 Defined at:
		line 149 in file "../projectswithmick/CuriositywithADXL345Port/Communication.c"
 Parameters:    Size  Location     Type
  slaveAddress    1    wreg     unsigned char 
  dataBuffer      1    0[BANK0 ] PTR unsigned char 
		 -> ADXL345_GetXyz@readBuffer(7), ADXL345_GetRegisterValue@registerValue(1), 
  bytesNumber     1    1[BANK0 ] unsigned char 
  stopBit         1    2[BANK0 ] unsigned char 
 Auto vars:     Size  Location     Type
  slaveAddress    1    6[BANK0 ] unsigned char 
  byte            1    8[BANK0 ] unsigned char 
  acknowledge     1    7[BANK0 ] unsigned char 
  status          1    5[BANK0 ] unsigned char 
 Return value:  Size  Location     Type
                  1    wreg      unsigned char 
 Registers used:
		wreg, fsr1l, fsr1h, status,2, status,0
 Tracked objects:
		On entry : 
		On exit  : 
		Unchanged: 
 Data sizes:     COMMON   BANK0   BANK1   BANK2   BANK3   BANK4   BANK5   BANK6   BANK7   BANK8   BANK9  BANK10  BANK11  BANK12
      Params:         0       3       0       0       0       0       0       0       0       0       0       0       0       0
      Locals:         0       4       0       0       0       0       0       0       0       0       0       0       0       0
      Temps:          0       2       0       0       0       0       0       0       0       0       0       0       0       0
      Totals:         0       9       0       0       0       0       0       0       0       0       0       0       0       0
Total ram usage:        9 bytes
 Hardware stack levels used:    1
 Hardware stack levels required when called:    4
 This function calls:
		Nothing
 This function is called by:
		_ADXL345_GetRegisterValue
		_ADXL345_GetXyz
 This function uses a non-reentrant model


 *************** function _INTERRUPT_InterruptManager *****************
 Defined at:
		line 51 in file "../projectswithmick/CuriositywithADXL345Port/interrupt_manager.c"
 Parameters:    Size  Location     Type
		None
 Auto vars:     Size  Location     Type
		None
 Return value:  Size  Location     Type
                  1    wreg      void 
 Registers used:
		wreg, fsr0l, fsr0h, fsr1l, fsr1h, status,2, status,0, pclath, cstack
 Tracked objects:
		On entry : 
		On exit  : 
		Unchanged: 
 Data sizes:     COMMON   BANK0   BANK1   BANK2   BANK3   BANK4   BANK5   BANK6   BANK7   BANK8   BANK9  BANK10  BANK11  BANK12
      Params:         0       0       0       0       0       0       0       0       0       0       0       0       0       0
      Locals:         0       0       0       0       0       0       0       0       0       0       0       0       0       0
      Temps:          1       0       0       0       0       0       0       0       0       0       0       0       0       0
      Totals:         1       0       0       0       0       0       0       0       0       0       0       0       0       0
Total ram usage:        1 bytes
 Hardware stack levels used:    1
 Hardware stack levels required when called:    3
 This function calls:
		_I2C_BusCollisionISR
		_I2C_ISR
		_TMR0_ISR
 This function is called by:
		Interrupt level 1
 This function uses a non-reentrant model


 *************** function _TMR0_ISR *****************
 Defined at:
		line 107 in file "../projectswithmick/CuriositywithADXL345Port/tmr0.c"
 Parameters:    Size  Location     Type
		None
 Auto vars:     Size  Location     Type
		None
 Return value:  Size  Location     Type
                  1    wreg      void 
 Registers used:
		wreg, status,2, status,0, pclath, cstack
 Tracked objects:
		On entry : 
		On exit  : 
		Unchanged: 
 Data sizes:     COMMON   BANK0   BANK1   BANK2   BANK3   BANK4   BANK5   BANK6   BANK7   BANK8   BANK9  BANK10  BANK11  BANK12
      Params:         0       0       0       0       0       0       0       0       0       0       0       0       0       0
      Locals:         0       0       0       0       0       0       0       0       0       0       0       0       0       0
      Temps:          0       0       0       0       0       0       0       0       0       0       0       0       0       0
      Totals:         0       0       0       0       0       0       0       0       0       0       0       0       0       0
Total ram usage:        0 bytes
 Hardware stack levels used:    1
 Hardware stack levels required when called:    2
 This function calls:
		_TMR0_CallBack
 This function is called by:
		_INTERRUPT_InterruptManager
 This function uses a non-reentrant model


 *************** function _TMR0_CallBack *****************
 Defined at:
		line 129 in file "../projectswithmick/CuriositywithADXL345Port/tmr0.c"
 Parameters:    Size  Location     Type
		None
 Auto vars:     Size  Location     Type
		None
 Return value:  Size  Location     Type
                  1    wreg      void 
 Registers used:
		wreg, status,2, status,0, pclath, cstack
 Tracked objects:
		On entry : 
		On exit  : 
		Unchanged: 
 Data sizes:     COMMON   BANK0   BANK1   BANK2   BANK3   BANK4   BANK5   BANK6   BANK7   BANK8   BANK9  BANK10  BANK11  BANK12
      Params:         0       0       0       0       0       0       0       0       0       0       0       0       0       0
      Locals:         0       0       0       0       0       0       0       0       0       0       0       0       0       0
      Temps:          0       0       0       0       0       0       0       0       0       0       0       0       0       0
      Totals:         0       0       0       0       0       0       0       0       0       0       0       0       0       0
Total ram usage:        0 bytes
 Hardware stack levels used:    1
 Hardware stack levels required when called:    1
 This function calls:
		Absolute function
		_TMR0_DefaultInterruptHandler
 This function is called by:
		_TMR0_ISR
 This function uses a non-reentrant model


 *************** function _TMR0_DefaultInterruptHandler *****************
 Defined at:
		line 143 in file "../projectswithmick/CuriositywithADXL345Port/tmr0.c"
 Parameters:    Size  Location     Type
		None
 Auto vars:     Size  Location     Type
		None
 Return value:  Size  Location     Type
                  1    wreg      void 
 Registers used:
		None
 Tracked objects:
		On entry : 
		On exit  : 
		Unchanged: 
 Data sizes:     COMMON   BANK0   BANK1   BANK2   BANK3   BANK4   BANK5   BANK6   BANK7   BANK8   BANK9  BANK10  BANK11  BANK12
      Params:         0       0       0       0       0       0       0       0       0       0       0       0       0       0
      Locals:         0       0       0       0       0       0       0       0       0       0       0       0       0       0
      Temps:          0       0       0       0       0       0       0       0       0       0       0       0       0       0
      Totals:         0       0       0       0       0       0       0       0       0       0       0       0       0       0
Total ram usage:        0 bytes
 Hardware stack levels used:    1
 This function calls:
		Nothing
 This function is called by:
		_TMR0_Initialize
		_TMR0_CallBack
 This function uses a non-reentrant model


 *************** function _I2C_ISR *****************
 Defined at:
		line 233 in file "../projectswithmick/CuriositywithADXL345Port/i2c.c"
 Parameters:    Size  Location     Type
		None
 Auto vars:     Size  Location     Type
		None
 Return value:  Size  Location     Type
                  1    wreg      void 
 Registers used:
		wreg, fsr0l, fsr0h, fsr1l, fsr1h, status,2, status,0, pclath, cstack
 Tracked objects:
		On entry : 
		On exit  : 
		Unchanged: 
 Data sizes:     COMMON   BANK0   BANK1   BANK2   BANK3   BANK4   BANK5   BANK6   BANK7   BANK8   BANK9  BANK10  BANK11  BANK12
      Params:         0       0       0       0       0       0       0       0       0       0       0       0       0       0
      Locals:         0       0       0       0       0       0       0       0       0       0       0       0       0       0
      Temps:          4       0       0       0       0       0       0       0       0       0       0       0       0       0
      Totals:         4       0       0       0       0       0       0       0       0       0       0       0       0       0
Total ram usage:        4 bytes
 Hardware stack levels used:    1
 Hardware stack levels required when called:    1
 This function calls:
		_I2C_FunctionComplete
		_I2C_Stop
 This function is called by:
		_INTERRUPT_InterruptManager
 This function uses a non-reentrant model


 *************** function _I2C_Stop *****************
 Defined at:
		line 581 in file "../projectswithmick/CuriositywithADXL345Port/i2c.c"
 Parameters:    Size  Location     Type
  completion_c    1    wreg     enum E11987
 Auto vars:     Size  Location     Type
  completion_c    1    0[COMMON] enum E11987
 Return value:  Size  Location     Type
                  1    wreg      void 
 Registers used:
		wreg, fsr1l, fsr1h, status,2, status,0
 Tracked objects:
		On entry : 
		On exit  : 
		Unchanged: 
 Data sizes:     COMMON   BANK0   BANK1   BANK2   BANK3   BANK4   BANK5   BANK6   BANK7   BANK8   BANK9  BANK10  BANK11  BANK12
      Params:         0       0       0       0       0       0       0       0       0       0       0       0       0       0
      Locals:         0       0       0       0       0       0       0       0       0       0       0       0       0       0
      Temps:          0       0       0       0       0       0       0       0       0       0       0       0       0       0
      Totals:         0       0       0       0       0       0       0       0       0       0       0       0       0       0
Total ram usage:        0 bytes
 Hardware stack levels used:    1
 This function calls:
		Nothing
 This function is called by:
		_I2C_ISR
 This function uses a non-reentrant model


 *************** function _I2C_FunctionComplete *****************
 Defined at:
		line 563 in file "../projectswithmick/CuriositywithADXL345Port/i2c.c"
 Parameters:    Size  Location     Type
		None
 Auto vars:     Size  Location     Type
		None
 Return value:  Size  Location     Type
                  1    wreg      void 
 Registers used:
		wreg, status,2, status,0
 Tracked objects:
		On entry : 
		On exit  : 
		Unchanged: 
 Data sizes:     COMMON   BANK0   BANK1   BANK2   BANK3   BANK4   BANK5   BANK6   BANK7   BANK8   BANK9  BANK10  BANK11  BANK12
      Params:         0       0       0       0       0       0       0       0       0       0       0       0       0       0
      Locals:         0       0       0       0       0       0       0       0       0       0       0       0       0       0
      Temps:          1       0       0       0       0       0       0       0       0       0       0       0       0       0
      Totals:         1       0       0       0       0       0       0       0       0       0       0       0       0       0
Total ram usage:        1 bytes
 Hardware stack levels used:    1
 This function calls:
		Nothing
 This function is called by:
		_I2C_ISR
 This function uses a non-reentrant model


 *************** function _I2C_BusCollisionISR *****************
 Defined at:
		line 728 in file "../projectswithmick/CuriositywithADXL345Port/i2c.c"
 Parameters:    Size  Location     Type
		None
 Auto vars:     Size  Location     Type
		None
 Return value:  Size  Location     Type
                  1    wreg      void 
 Registers used:
		None
 Tracked objects:
		On entry : 
		On exit  : 
		Unchanged: 
 Data sizes:     COMMON   BANK0   BANK1   BANK2   BANK3   BANK4   BANK5   BANK6   BANK7   BANK8   BANK9  BANK10  BANK11  BANK12
      Params:         0       0       0       0       0       0       0       0       0       0       0       0       0       0
      Locals:         0       0       0       0       0       0       0       0       0       0       0       0       0       0
      Temps:          0       0       0       0       0       0       0       0       0       0       0       0       0       0
      Totals:         0       0       0       0       0       0       0       0       0       0       0       0       0       0
Total ram usage:        0 bytes
 Hardware stack levels used:    1
 This function calls:
		Nothing
 This function is called by:
		_INTERRUPT_InterruptManager
 This function uses a non-reentrant model



MODULE INFORMATION

Module		Function		Class		Link	Load	Size
../projectswithmick/CuriositywithADXL345Port/mcc.c
		_OSCILLATOR_Initialize		CODE           	03B1	0000	8
		_SYSTEM_Initialize		CODE           	03A8	0000	10

../projectswithmick/CuriositywithADXL345Port/mcc.c estimated size: 18

../projectswithmick/CuriositywithADXL345Port/interrupt_manager.c
		_INTERRUPT_InterruptManager		CODE           	0004	0000	38

../projectswithmick/CuriositywithADXL345Port/interrupt_manager.c estimated size: 38

../projectswithmick/CuriositywithADXL345Port/tmr0.c
		_TMR0_SetInterruptHandler		CODE           	03BE	0000	7
		_TMR0_DefaultInterruptHandler		CODE           	03CD	0000	2
		_TMR0_CallBack 		CODE           	039D	0000	12
		_TMR0_ISR      		CODE           	0320	0000	34
		_TMR0_Initialize		CODE           	0377	0000	22

../projectswithmick/CuriositywithADXL345Port/tmr0.c estimated size: 77

../projectswithmick/CuriositywithADXL345Port/ADXL345.c
		_ADXL345_Init  		CODE           	0254	0000	62
		_ADXL345_GetRegisterValue		CODE           	0291	0000	61

../projectswithmick/CuriositywithADXL345Port/ADXL345.c estimated size: 123

../projectswithmick/CuriositywithADXL345Port/i2c.c
		_I2C_FunctionComplete		CODE           	038C	0000	18
		_I2C_ISR       		CODE           	003C	0000	305
		_I2C_Stop      		CODE           	03C4	0000	5
		_I2C_BusCollisionISR		CODE           	03C8	0000	4

../projectswithmick/CuriositywithADXL345Port/i2c.c estimated size: 332

shared
		__initialization		CODE           	002B	0000	14

shared estimated size: 14

../projectswithmick/CuriositywithADXL345Port/main.c
		_main          		CODE           	02CD	0000	45
		_AccelReadStatus		CODE           	016C	0000	86

../projectswithmick/CuriositywithADXL345Port/main.c estimated size: 131

../projectswithmick/CuriositywithADXL345Port/pin_manager.c
		_PIN_MANAGER_Initialize		CODE           	02F9	0000	40

../projectswithmick/CuriositywithADXL345Port/pin_manager.c estimated size: 40

../projectswithmick/CuriositywithADXL345Port/Communication.c
		_I2C_Write     		CODE           	0216	0000	63
		_I2C_Read      		CODE           	01C1	0000	86
		_SPI_Read      		CODE           	03CC	0000	2
		_I2C_Init      		CODE           	0341	0000	31
		_SPI_Init      		CODE           	03CB	0000	2

../projectswithmick/CuriositywithADXL345Port/Communication.c estimated size: 184

