Microchip MPLAB XC8 Compiler V1.45 ()

Linker command line:

-W-3 --edf=C:\Program Files (x86)\Microchip\xc8\v1.45\dat\en_msgs.txt -cs \
  -h+dist/default/debug\CuriositywithADXL345Port.debug.sym \
  --cmf=dist/default/debug\CuriositywithADXL345Port.debug.cmf -z -Q16F1619 \
  -oC:\Users\rputra\AppData\Local\Temp\sddc.2 \
  -Mdist/default/debug/CuriositywithADXL345Port.debug.map -E1 -ver=XC8 \
  -ASTACK=02065h-023efh -pstack=STACK -ACODE=00h-07FFhx4 \
  -ASTRCODE=00h-01FFFh -ASTRING=00h-0FFhx32 -ACONST=00h-0FFhx32 \
  -AENTRY=00h-0FFhx32 -ACOMMON=070h-07Fh -ABANK0=020h-06Fh \
  -ABANK1=0A0h-0EFh -ABANK2=0120h-016Fh -ABANK3=01A0h-01EFh \
  -ABANK4=0220h-026Fh -ABANK5=02A0h-02EFh -ABANK6=0320h-036Fh \
  -ABANK7=03A0h-03EFh -ABANK8=0420h-046Fh -ABANK9=04A0h-04EFh \
  -ABANK10=0520h-056Fh -ABANK11=05A0h-05EFh -ABANK12=0620h-064Fh \
  -ABIGRAM=02000h-023EFh \
  -ARAM=020h-06Fh,0A0h-0EFh,0120h-016Fh,01A0h-01EFh,0220h-026Fh,02A0h-02EFh,0320h-036Fh,03A0h-03EFh,0420h-046Fh,04A0h-04EFh,0520h-056Fh,05A0h-05EFh,0620h-064Fh \
  -AABS1=020h-07Fh,0A0h-0EFh,0120h-016Fh,01A0h-01EFh,0220h-026Fh,02A0h-02EFh,0320h-036Fh,03A0h-03EFh,0420h-046Fh,04A0h-04EFh,0520h-056Fh,05A0h-05EFh,0620h-064Fh \
  -ASFR0=00h-01Fh -ASFR1=080h-09Fh -ASFR2=0100h-011Fh -ASFR3=0180h-019Fh \
  -ASFR4=0200h-021Fh -ASFR5=0280h-029Fh -ASFR6=0300h-031Fh \
  -ASFR7=0380h-039Fh -ASFR8=0400h-041Fh -ASFR9=0480h-049Fh \
  -ASFR10=0500h-051Fh -ASFR11=0580h-059Fh -ASFR12=0600h-061Fh \
  -ASFR13=0680h-06EFh -ASFR14=0700h-076Fh -ASFR15=0780h-07EFh \
  -ASFR16=0800h-086Fh -ASFR17=0880h-08EFh -ASFR18=0900h-096Fh \
  -ASFR19=0980h-09EFh -ASFR20=0A00h-0A6Fh -ASFR21=0A80h-0AEFh \
  -ASFR22=0B00h-0B6Fh -ASFR23=0B80h-0BEFh -ASFR24=0C00h-0C6Fh \
  -ASFR25=0C80h-0CEFh -ASFR26=0D00h-0D6Fh -ASFR27=0D80h-0DEFh \
  -ASFR28=0E00h-0E6Fh -ASFR29=0E80h-0EEFh -ASFR30=0F00h-0F6Fh \
  -ASFR31=0F80h-0FEFh -preset_vec=00h,intentry=04h,init,end_init \
  -ppowerup=CODE -pcinit=CODE -pfunctab=ENTRY -ACONFIG=08007h-08009h \
  -pconfig=CONFIG -DCONFIG=2 -AIDLOC=08000h-08003h -pidloc=IDLOC -DIDLOC=2 \
  -DCODE=2 -DSTRCODE=2 -DSTRING=2 -DCONST=2 -DENTRY=2 -k \
  C:\Users\rputra\AppData\Local\Temp\sddc.obj \
  dist/default/debug\CuriositywithADXL345Port.debug.obj 

Object code version is 3.11

Machine type is 16F1619



                Name                               Link     Load   Length Selector   Space Scale
C:\Users\rputra\AppData\Local\Temp\sddc.obj
                end_init                             28       28        2        8       0
                reset_vec                             0        0        3        0       0
                config                             8007     8007        3    1000E       0
dist/default/debug\CuriositywithADXL345Port.debug.obj
                cinit                                2A       2A       13        8       0
                intentry                              4        4       24        8       0
                text21                              39A      39A        3        8       0
                text20                              39D      39D        1        8       0
                text19                               E3       E3       4E        8       0
                text18                              235      235       3C        8       0
                text17                              131      131       4D        8       0
                text16                              271      271       3B        8       0
                text15                              36C      36C       12        8       0
                text14                              2F9      2F9       21        8       0
                text12                               3D       3D       56        8       0
                text11                              17E      17E       3E        8       0
                text10                               93       93       50        8       0
                text9                               1F9      1F9       3C        8       0
                text8                               31A      31A       20        8       0
                text7                               2D3      2D3       26        8       0
                text6                               1BC      1BC       3D        8       0
                text5                               387      387        7        8       0
                text4                               2AC      2AC       27        8       0
                text3                               394      394        6        8       0
                text2                               357      357       15        8       0
                text1                               37E      37E        9        8       0
                maintext                            33A      33A       1D        8       0
                cstackBANK0                          46       46       19       20       1
                cstackCOMMON                         70       70        E       70       1
                cstackBANK1                          A0       A0        E       A0       1
                clrtext                             38E      38E        6        8       0
                bssBANK1                             AE       AE        7       A0       1
                bssBANK0                             20       20       26       20       1
                nvBANK0                              5F       5F        3       20       1

TOTAL           Name                               Link     Load   Length     Space
        CLASS   STACK          

        CLASS   CODE           
                end_init                             28       28        2         0
                cinit                                2A       2A       13         0
                intentry                              4        4       24         0
                reset_vec                             0        0        3         0
                text21                              39A      39A        3         0
                text20                              39D      39D        1         0
                text19                               E3       E3       4E         0
                text18                              235      235       3C         0
                text17                              131      131       4D         0
                text16                              271      271       3B         0
                text15                              36C      36C       12         0
                text14                              2F9      2F9       21         0
                text12                               3D       3D       56         0
                text11                              17E      17E       3E         0
                text10                               93       93       50         0
                text9                               1F9      1F9       3C         0
                text8                               31A      31A       20         0
                text7                               2D3      2D3       26         0
                text6                               1BC      1BC       3D         0
                text5                               387      387        7         0
                text4                               2AC      2AC       27         0
                text3                               394      394        6         0
                text2                               357      357       15         0
                text1                               37E      37E        9         0
                maintext                            33A      33A       1D         0
                clrtext                             38E      38E        6         0

        CLASS   STRCODE        

        CLASS   STRING         

        CLASS   CONST          

        CLASS   ENTRY          

        CLASS   COMMON         
                cstackCOMMON                         70       70        E         1

        CLASS   BANK0          
                cstackBANK0                          46       46       19         1
                bssBANK0                             20       20       26         1
                nvBANK0                              5F       5F        3         1

        CLASS   BANK1          
                cstackBANK1                          A0       A0        E         1
                bssBANK1                             AE       AE        7         1

        CLASS   BANK2          

        CLASS   BANK3          

        CLASS   BANK4          

        CLASS   BANK5          

        CLASS   BANK6          

        CLASS   BANK7          

        CLASS   BANK8          

        CLASS   BANK9          

        CLASS   BANK10         

        CLASS   BANK11         

        CLASS   BANK12         

        CLASS   BIGRAM         

        CLASS   RAM            

        CLASS   ABS1           
                abs_s1                               7E       7E        2         1

        CLASS   SFR0           

        CLASS   SFR1           

        CLASS   SFR2           

        CLASS   SFR3           

        CLASS   SFR4           

        CLASS   SFR5           

        CLASS   SFR6           

        CLASS   SFR7           

        CLASS   SFR8           

        CLASS   SFR9           

        CLASS   SFR10          

        CLASS   SFR11          

        CLASS   SFR12          

        CLASS   SFR13          

        CLASS   SFR14          

        CLASS   SFR15          

        CLASS   SFR16          

        CLASS   SFR17          

        CLASS   SFR18          

        CLASS   SFR19          

        CLASS   SFR20          

        CLASS   SFR21          

        CLASS   SFR22          

        CLASS   SFR23          

        CLASS   SFR24          

        CLASS   SFR25          

        CLASS   SFR26          

        CLASS   SFR27          

        CLASS   SFR28          

        CLASS   SFR29          

        CLASS   SFR30          

        CLASS   SFR31          

        CLASS   CONFIG         
                config                             8007     8007        3         0

        CLASS   IDLOC          

        CLASS   BANK31         

        CLASS   BANK30         

        CLASS   BANK29         

        CLASS   BANK28         

        CLASS   BANK27         

        CLASS   BANK26         

        CLASS   BANK25         

        CLASS   BANK24         

        CLASS   BANK23         

        CLASS   BANK22         

        CLASS   BANK21         

        CLASS   BANK20         

        CLASS   BANK19         

        CLASS   BANK18         

        CLASS   BANK17         

        CLASS   BANK16         

        CLASS   BANK15         

        CLASS   BANK14         

        CLASS   BANK13         

        CLASS   EEDATA         



SEGMENTS        Name                           Load    Length   Top    Selector   Space  Class     Delta

                reset_vec                      000000  000003  000003         0       0  CODE        2
                intentry                       000004  00039A  00039E         8       0  CODE        2
                bssBANK0                       000020  000042  000062        20       1  BANK0       1
                cstackCOMMON                   000070  00000E  00007E        70       1  COMMON      1
                cstackBANK1                    0000A0  000015  0000B5        A0       1  BANK1       1
                config                         008007  000003  00800A     1000E       0  CONFIG      2


UNUSED ADDRESS RANGES

        Name                Unused          Largest block    Delta
        BANK0            00062-0006F               E           1
        BANK1            000B5-000EF              3B           1
        BANK10           00520-0056F              50           1
        BANK11           005A0-005EF              50           1
        BANK12           00620-0064F              30           1
        BANK2            00120-0016F              50           1
        BANK3            001A0-001EF              50           1
        BANK4            00220-0026F              50           1
        BANK5            002A0-002EF              50           1
        BANK6            00320-0036F              50           1
        BANK7            003A0-003EF              50           1
        BANK8            00420-0046F              50           1
        BANK9            004A0-004EF              50           1
        BIGRAM           02000-023EF             3F0           1
        CODE             00003-00003               1           2
                         0039E-01FFF             800
        CONST            00003-00003               1           2
                         0039E-01FFF             100
        ENTRY            00003-00003               1           2
                         0039E-01FFF             100
        IDLOC            08000-08003               4           2
        RAM              00062-0006F               E           1
                         000B5-000EF              3B
                         00120-0016F              50
                         001A0-001EF              50
                         00220-0026F              50
                         002A0-002EF              50
                         00320-0036F              50
                         003A0-003EF              50
                         00420-0046F              50
                         004A0-004EF              50
                         00520-0056F              50
                         005A0-005EF              50
                         00620-0064F              30
        SFR0             00000-0001F              20           1
        SFR1             00080-0009F              20           1
        SFR10            00500-0051F              20           1
        SFR11            00580-0059F              20           1
        SFR12            00600-0061F              20           1
        SFR13            00680-006EF              70           1
        SFR14            00700-0076F              70           1
        SFR15            00780-007EF              70           1
        SFR16            00800-0086F              70           1
        SFR17            00880-008EF              70           1
        SFR18            00900-0096F              70           1
        SFR19            00980-009EF              70           1
        SFR2             00100-0011F              20           1
        SFR20            00A00-00A6F              70           1
        SFR21            00A80-00AEF              70           1
        SFR22            00B00-00B6F              70           1
        SFR23            00B80-00BEF              70           1
        SFR24            00C00-00C6F              70           1
        SFR25            00C80-00CEF              70           1
        SFR26            00D00-00D6F              70           1
        SFR27            00D80-00DEF              70           1
        SFR28            00E00-00E6F              70           1
        SFR29            00E80-00EEF              70           1
        SFR3             00180-0019F              20           1
        SFR30            00F00-00F6F              70           1
        SFR31            00F80-00FEF              70           1
        SFR4             00200-0021F              20           1
        SFR5             00280-0029F              20           1
        SFR6             00300-0031F              20           1
        SFR7             00380-0039F              20           1
        SFR8             00400-0041F              20           1
        SFR9             00480-0049F              20           1
        STACK            02065-023EF             38B           1
        STRCODE          00003-00003               1           2
                         0039E-01FFF            1C62
        STRING           00003-00003               1           2
                         0039E-01FFF             100

                                  Symbol Table

ADXL345_GetRegisterValue@F85               bssBANK0     0002B
ADXL345_GetRegisterValue@dataBuffer        cstackBANK0  00058
ADXL345_GetRegisterValue@registerAddress   cstackBANK0  00057
ADXL345_GetRegisterValue@registerValue     cstackBANK0  0005A
ADXL345_GetXyz@F101                        bssBANK1     000AE
ADXL345_Init@commProtocol                  cstackBANK0  0005C
ADXL345_Init@status                        cstackBANK0  0005D
ADXL345_SetRegisterValue@F90               bssBANK0     00029
I2C_ISR@i2c_10bit_address_restart          bssBANK0     00032
I2C_ISR@i2c_address                        bssBANK0     00044
I2C_ISR@i2c_bytes_left                     bssBANK0     00033
I2C_ISR@pi2c_buf_ptr                       bssBANK0     00034
I2C_Init@brgValue                          cstackBANK0  00053
I2C_Init@clockFreq                         cstackBANK0  0004B
I2C_Init@pbFrequency                       cstackBANK0  0004F
I2C_Init@status                            cstackBANK0  00055
I2C_MasterRead@trBlock                     bssBANK0     00039
I2C_MasterWrite@trBlock                    bssBANK0     0003D
I2C_Read@acknowledge                       cstackBANK0  00052
I2C_Read@byte                              cstackBANK0  00053
I2C_Read@bytesNumber                       cstackBANK0  0004C
I2C_Read@dataBuffer                        cstackBANK0  0004B
I2C_Read@slaveAddress                      cstackBANK0  00051
I2C_Read@status                            cstackBANK0  00050
I2C_Read@stopBit                           cstackBANK0  0004D
I2C_Write@acknowledge                      cstackBANK0  00051
I2C_Write@byte                             cstackBANK0  00052
I2C_Write@bytesNumber                      cstackBANK0  0004C
I2C_Write@dataBuffer                       cstackBANK0  0004B
I2C_Write@slaveAddress                     cstackBANK0  00050
I2C_Write@status                           cstackBANK0  0004F
I2C_Write@stopBit                          cstackBANK0  0004D
SPI_Init@brgValue                          cstackBANK0  00055
SPI_Init@clockEdg                          cstackBANK0  00050
SPI_Init@clockFreq                         cstackBANK0  0004B
SPI_Init@clockPol                          cstackBANK0  0004F
SPI_Init@pbFrequency                       cstackBANK0  00051
SPI_Init@status                            cstackBANK0  00057
SPI_Read@F12019                            bssBANK0     00025
SPI_Read@byte                              cstackBANK0  00054
SPI_Read@bytesNumber                       cstackBANK0  0004C
SPI_Read@data                              cstackBANK0  0004B
SPI_Read@slaveDeviceId                     cstackBANK0  00053
SPI_Read@writeBuffer                       cstackBANK0  0004F
TMR0_CallBack@DeviceID                     cstackCOMMON 0007D
TMR0_ISR@CountCallBack                     bssBANK0     0002D
TMR0_SetInterruptHandler@InterruptHandler  cstackBANK0  0004B
_ADXL345_GetRegisterValue                  text9        001F9
_ADXL345_Init                              text6        001BC
_ANSELA                                    (abs)        0018C
_ANSELB                                    (abs)        0018D
_ANSELC                                    (abs)        0018E
_BORCON                                    (abs)        00116
_I2C_BusCollisionISR                       text21       0039A
_I2C_Init                                  text8        0031A
_I2C_Read                                  text12       0003D
_I2C_Write                                 text11       0017E
_INTCONbits                                (abs)        0000B
_INTERRUPT_InterruptManager                intentry     00004
_LATA                                      (abs)        0010C
_LATB                                      (abs)        0010D
_LATC                                      (abs)        0010E
_LATCbits                                  (abs)        0010E
_ODCONA                                    (abs)        0028C
_ODCONB                                    (abs)        0028D
_ODCONC                                    (abs)        0028E
_OPTION_REG                                (abs)        00095
_OPTION_REGbits                            (abs)        00095
_OSCCON                                    (abs)        00099
_OSCILLATOR_Initialize                     text5        00387
_OSCTUNE                                   (abs)        00098
_PIE1bits                                  (abs)        00090
_PIE2bits                                  (abs)        00091
_PIN_MANAGER_Initialize                    text4        002AC
_PIR1bits                                  (abs)        00010
_PIR2bits                                  (abs)        00011
_RB4PPS                                    (abs)        00E9C
_RB6PPS                                    (abs)        00E9E
_SPI_Init                                  text7        002D3
_SPI_Read                                  text10       00093
_SSP1ADD                                   (abs)        00212
_SSP1BUF                                   (abs)        00211
_SSP1CON1                                  (abs)        00215
_SSP1CON1bits                              (abs)        00215
_SSP1CON2bits                              (abs)        00216
_SSP1CON3                                  (abs)        00217
_SSP1STAT                                  (abs)        00214
_SSP1STATbits                              (abs)        00214
_SSPBUF                                    (abs)        00211
_SSPCLKPPS                                 (abs)        00E20
_SSPDATPPS                                 (abs)        00E21
_SYSTEM_Initialize                         text1        0037E
_TMR0                                      (abs)        00015
_TMR0_CallBack                             text15       0036C
_TMR0_DefaultInterruptHandler              text20       0039D
_TMR0_ISR                                  text14       002F9
_TMR0_Initialize                           text2        00357
_TMR0_InterruptHandler                     nvBANK0      0005F
_TMR0_SetInterruptHandler                  text3        00394
_TRISA                                     (abs)        0008C
_TRISB                                     (abs)        0008D
_TRISC                                     (abs)        0008E
_WPUA                                      (abs)        0020C
_WPUB                                      (abs)        0020D
_WPUC                                      (abs)        0020E
__CFG_BOREN$ON                             (abs)        00000
__CFG_BORV$LO                              (abs)        00000
__CFG_CLKOUTEN$OFF                         (abs)        00000
__CFG_CP$OFF                               (abs)        00000
__CFG_FCMEN$ON                             (abs)        00000
__CFG_FOSC$INTOSC                          (abs)        00000
__CFG_IESO$ON                              (abs)        00000
__CFG_LPBOR$OFF                            (abs)        00000
__CFG_LVP$ON                               (abs)        00000
__CFG_MCLRE$ON                             (abs)        00000
__CFG_PLLEN$ON                             (abs)        00000
__CFG_PPS1WAY$ON                           (abs)        00000
__CFG_PWRTE$OFF                            (abs)        00000
__CFG_STVREN$ON                            (abs)        00000
__CFG_WDTCCS$SWC                           (abs)        00000
__CFG_WDTCPS$WDTCPS1F                      (abs)        00000
__CFG_WDTCWS$WDTCWSSW                      (abs)        00000
__CFG_WDTE$OFF                             (abs)        00000
__CFG_WRT$OFF                              (abs)        00000
__CFG_ZCD$OFF                              (abs)        00000
__Habs1                                    abs1         00000
__Hbank0                                   bank0        00000
__Hbank1                                   bank1        00000
__Hbank10                                  bank10       00000
__Hbank11                                  bank11       00000
__Hbank12                                  bank12       00000
__Hbank13                                  bank13       00000
__Hbank14                                  bank14       00000
__Hbank15                                  bank15       00000
__Hbank16                                  bank16       00000
__Hbank17                                  bank17       00000
__Hbank18                                  bank18       00000
__Hbank19                                  bank19       00000
__Hbank2                                   bank2        00000
__Hbank20                                  bank20       00000
__Hbank21                                  bank21       00000
__Hbank22                                  bank22       00000
__Hbank23                                  bank23       00000
__Hbank24                                  bank24       00000
__Hbank25                                  bank25       00000
__Hbank26                                  bank26       00000
__Hbank27                                  bank27       00000
__Hbank28                                  bank28       00000
__Hbank29                                  bank29       00000
__Hbank3                                   bank3        00000
__Hbank30                                  bank30       00000
__Hbank31                                  bank31       00000
__Hbank4                                   bank4        00000
__Hbank5                                   bank5        00000
__Hbank6                                   bank6        00000
__Hbank7                                   bank7        00000
__Hbank8                                   bank8        00000
__Hbank9                                   bank9        00000
__Hbigram                                  bigram       00000
__HbssBANK0                                bssBANK0     00000
__HbssBANK1                                bssBANK1     00000
__Hcinit                                   cinit        0003D
__Hclrtext                                 clrtext      00000
__Hcode                                    code         00000
__Hcommon                                  common       00000
__Hconfig                                  config       0800A
__HcstackBANK0                             cstackBANK0  00000
__HcstackBANK1                             cstackBANK1  00000
__HcstackCOMMON                            cstackCOMMON 00000
__Heeprom_data                             eeprom_data  00000
__Hend_init                                end_init     0002A
__Hfunctab                                 functab      00000
__Hidloc                                   idloc        00000
__Hinit                                    init         00028
__Hintentry                                intentry     00028
__Hmaintext                                maintext     00000
__HnvBANK0                                 nvBANK0      00000
__Hpowerup                                 powerup      00000
__Hram                                     ram          00000
__Hreset_vec                               reset_vec    00003
__Hsfr0                                    sfr0         00000
__Hsfr1                                    sfr1         00000
__Hsfr10                                   sfr10        00000
__Hsfr11                                   sfr11        00000
__Hsfr12                                   sfr12        00000
__Hsfr13                                   sfr13        00000
__Hsfr14                                   sfr14        00000
__Hsfr15                                   sfr15        00000
__Hsfr16                                   sfr16        00000
__Hsfr17                                   sfr17        00000
__Hsfr18                                   sfr18        00000
__Hsfr19                                   sfr19        00000
__Hsfr2                                    sfr2         00000
__Hsfr20                                   sfr20        00000
__Hsfr21                                   sfr21        00000
__Hsfr22                                   sfr22        00000
__Hsfr23                                   sfr23        00000
__Hsfr24                                   sfr24        00000
__Hsfr25                                   sfr25        00000
__Hsfr26                                   sfr26        00000
__Hsfr27                                   sfr27        00000
__Hsfr28                                   sfr28        00000
__Hsfr29                                   sfr29        00000
__Hsfr3                                    sfr3         00000
__Hsfr30                                   sfr30        00000
__Hsfr31                                   sfr31        00000
__Hsfr4                                    sfr4         00000
__Hsfr5                                    sfr5         00000
__Hsfr6                                    sfr6         00000
__Hsfr7                                    sfr7         00000
__Hsfr8                                    sfr8         00000
__Hsfr9                                    sfr9         00000
__Hspace_0                                 (abs)        0800A
__Hspace_1                                 (abs)        000B5
__Hspace_2                                 (abs)        00000
__Hspace_3                                 (abs)        00000
__Hstack                                   stack        00000
__Hstrings                                 strings      00000
__Htext                                    text         00000
__Labs1                                    abs1         00000
__Lbank0                                   bank0        00000
__Lbank1                                   bank1        00000
__Lbank10                                  bank10       00000
__Lbank11                                  bank11       00000
__Lbank12                                  bank12       00000
__Lbank13                                  bank13       00000
__Lbank14                                  bank14       00000
__Lbank15                                  bank15       00000
__Lbank16                                  bank16       00000
__Lbank17                                  bank17       00000
__Lbank18                                  bank18       00000
__Lbank19                                  bank19       00000
__Lbank2                                   bank2        00000
__Lbank20                                  bank20       00000
__Lbank21                                  bank21       00000
__Lbank22                                  bank22       00000
__Lbank23                                  bank23       00000
__Lbank24                                  bank24       00000
__Lbank25                                  bank25       00000
__Lbank26                                  bank26       00000
__Lbank27                                  bank27       00000
__Lbank28                                  bank28       00000
__Lbank29                                  bank29       00000
__Lbank3                                   bank3        00000
__Lbank30                                  bank30       00000
__Lbank31                                  bank31       00000
__Lbank4                                   bank4        00000
__Lbank5                                   bank5        00000
__Lbank6                                   bank6        00000
__Lbank7                                   bank7        00000
__Lbank8                                   bank8        00000
__Lbank9                                   bank9        00000
__Lbigram                                  bigram       00000
__LbssBANK0                                bssBANK0     00000
__LbssBANK1                                bssBANK1     00000
__Lcinit                                   cinit        0002A
__Lclrtext                                 clrtext      00000
__Lcode                                    code         00000
__Lcommon                                  common       00000
__Lconfig                                  config       08007
__LcstackBANK0                             cstackBANK0  00000
__LcstackBANK1                             cstackBANK1  00000
__LcstackCOMMON                            cstackCOMMON 00000
__Leeprom_data                             eeprom_data  00000
__Lend_init                                end_init     00028
__Lfunctab                                 functab      00000
__Lidloc                                   idloc        00000
__Linit                                    init         00028
__Lintentry                                intentry     00004
__Lmaintext                                maintext     00000
__LnvBANK0                                 nvBANK0      00000
__Lpowerup                                 powerup      00000
__Lram                                     ram          00000
__Lreset_vec                               reset_vec    00000
__Lsfr0                                    sfr0         00000
__Lsfr1                                    sfr1         00000
__Lsfr10                                   sfr10        00000
__Lsfr11                                   sfr11        00000
__Lsfr12                                   sfr12        00000
__Lsfr13                                   sfr13        00000
__Lsfr14                                   sfr14        00000
__Lsfr15                                   sfr15        00000
__Lsfr16                                   sfr16        00000
__Lsfr17                                   sfr17        00000
__Lsfr18                                   sfr18        00000
__Lsfr19                                   sfr19        00000
__Lsfr2                                    sfr2         00000
__Lsfr20                                   sfr20        00000
__Lsfr21                                   sfr21        00000
__Lsfr22                                   sfr22        00000
__Lsfr23                                   sfr23        00000
__Lsfr24                                   sfr24        00000
__Lsfr25                                   sfr25        00000
__Lsfr26                                   sfr26        00000
__Lsfr27                                   sfr27        00000
__Lsfr28                                   sfr28        00000
__Lsfr29                                   sfr29        00000
__Lsfr3                                    sfr3         00000
__Lsfr30                                   sfr30        00000
__Lsfr31                                   sfr31        00000
__Lsfr4                                    sfr4         00000
__Lsfr5                                    sfr5         00000
__Lsfr6                                    sfr6         00000
__Lsfr7                                    sfr7         00000
__Lsfr8                                    sfr8         00000
__Lsfr9                                    sfr9         00000
__Lspace_0                                 (abs)        00000
__Lspace_1                                 (abs)        00000
__Lspace_2                                 (abs)        00000
__Lspace_3                                 (abs)        00000
__Lstack                                   stack        00000
__Lstrings                                 strings      00000
__Ltext                                    text         00000
__S0                                       (abs)        0800A
__S1                                       (abs)        000B5
__S2                                       (abs)        00000
___int_sp                                  stack        00000
___latbits                                 (abs)        00002
___sp                                      stack        00000
__end_of_ADXL345_GetRegisterValue          text9        00235
__end_of_ADXL345_Init                      text6        001F9
__end_of_I2C_BusCollisionISR               text21       0039D
__end_of_I2C_Init                          text8        0033A
__end_of_I2C_Read                          text12       00093
__end_of_I2C_Write                         text11       001BC
__end_of_INTERRUPT_InterruptManager        intentry     00028
__end_of_OSCILLATOR_Initialize             text5        0038E
__end_of_PIN_MANAGER_Initialize            text4        002D3
__end_of_SPI_Init                          text7        002F9
__end_of_SPI_Read                          text10       000E3
__end_of_SYSTEM_Initialize                 text1        00387
__end_of_TMR0_CallBack                     text15       0037E
__end_of_TMR0_DefaultInterruptHandler      text20       0039E
__end_of_TMR0_ISR                          text14       0031A
__end_of_TMR0_Initialize                   text2        0036C
__end_of_TMR0_SetInterruptHandler          text3        0039A
__end_of__initialization                   cinit        00039
__end_of_main                              maintext     00357
__end_ofi1_ADXL345_GetRegisterValue        text16       002AC
__end_ofi1_I2C_Read                        text19       00131
__end_ofi1_I2C_Write                       text18       00271
__end_ofi1_SPI_Read                        text17       0017E
__initialization                           cinit        0002A
__pbssBANK0                                bssBANK0     00020
__pbssBANK1                                bssBANK1     000AE
__pcstackBANK0                             cstackBANK0  00046
__pcstackBANK1                             cstackBANK1  000A0
__pcstackCOMMON                            cstackCOMMON 00070
__pintentry                                intentry     00004
__pmaintext                                maintext     0033A
__pnvBANK0                                 nvBANK0      0005F
__ptext1                                   text1        0037E
__ptext10                                  text10       00093
__ptext11                                  text11       0017E
__ptext12                                  text12       0003D
__ptext14                                  text14       002F9
__ptext15                                  text15       0036C
__ptext16                                  text16       00271
__ptext17                                  text17       00131
__ptext18                                  text18       00235
__ptext19                                  text19       000E3
__ptext2                                   text2        00357
__ptext20                                  text20       0039D
__ptext21                                  text21       0039A
__ptext3                                   text3        00394
__ptext4                                   text4        002AC
__ptext5                                   text5        00387
__ptext6                                   text6        001BC
__ptext7                                   text7        002D3
__ptext8                                   text8        0031A
__ptext9                                   text9        001F9
__size_of_ADXL345_GetRegisterValue         (abs)        00000
__size_of_ADXL345_Init                     (abs)        00000
__size_of_I2C_BusCollisionISR              (abs)        00000
__size_of_I2C_Init                         (abs)        00000
__size_of_I2C_Read                         (abs)        00000
__size_of_I2C_Write                        (abs)        00000
__size_of_INTERRUPT_InterruptManager       (abs)        00000
__size_of_OSCILLATOR_Initialize            (abs)        00000
__size_of_PIN_MANAGER_Initialize           (abs)        00000
__size_of_SPI_Init                         (abs)        00000
__size_of_SPI_Read                         (abs)        00000
__size_of_SYSTEM_Initialize                (abs)        00000
__size_of_TMR0_CallBack                    (abs)        00000
__size_of_TMR0_DefaultInterruptHandler     (abs)        00000
__size_of_TMR0_ISR                         (abs)        00000
__size_of_TMR0_Initialize                  (abs)        00000
__size_of_TMR0_SetInterruptHandler         (abs)        00000
__size_of_main                             (abs)        00000
__size_ofi1_ADXL345_GetRegisterValue       (abs)        00000
__size_ofi1_I2C_Read                       (abs)        00000
__size_ofi1_I2C_Write                      (abs)        00000
__size_ofi1_SPI_Read                       (abs)        00000
_communicationType                         bssBANK0     00031
_fullResolutionSet                         bssBANK0     0002F
_i2c_object                                bssBANK0     00020
_i2c_state                                 bssBANK0     00038
_i2c_tr_queue                              bssBANK0     00041
_i2c_trb_count                             bssBANK0     00037
_main                                      maintext     0033A
_p_i2c_current                             bssBANK0     00035
_p_i2c_trb_current                         bssBANK0     00036
_selectedRange                             bssBANK0     00030
_timer0ReloadVal                           nvBANK0      00061
btemp                                      (abs)        0007E
clear_ram0                                 clrtext      0038E
end_of_initialization                      cinit        00039
i1ADXL345_GetRegisterValue@dataBuffer      cstackBANK0  00046
i1ADXL345_GetRegisterValue@registerAddress cstackBANK0  00048
i1ADXL345_GetRegisterValue@registerValue   cstackBANK0  00049
i1I2C_Read@acknowledge                     cstackCOMMON 00077
i1I2C_Read@byte                            cstackCOMMON 00078
i1I2C_Read@bytesNumber                     cstackCOMMON 00071
i1I2C_Read@dataBuffer                      cstackCOMMON 00070
i1I2C_Read@slaveAddress                    cstackCOMMON 00076
i1I2C_Read@status                          cstackCOMMON 00075
i1I2C_Read@stopBit                         cstackCOMMON 00072
i1I2C_Write@acknowledge                    cstackCOMMON 00076
i1I2C_Write@byte                           cstackCOMMON 00077
i1I2C_Write@bytesNumber                    cstackCOMMON 00071
i1I2C_Write@dataBuffer                     cstackCOMMON 00070
i1I2C_Write@slaveAddress                   cstackCOMMON 00075
i1I2C_Write@status                         cstackCOMMON 00074
i1I2C_Write@stopBit                        cstackCOMMON 00072
i1SPI_Read@byte                            cstackCOMMON 00079
i1SPI_Read@bytesNumber                     cstackCOMMON 00071
i1SPI_Read@data                            cstackCOMMON 00070
i1SPI_Read@slaveDeviceId                   cstackCOMMON 00078
i1SPI_Read@writeBuffer                     cstackCOMMON 00074
i1_ADXL345_GetRegisterValue                text16       00271
i1_I2C_Read                                text19       000E3
i1_I2C_Write                               text18       00235
i1_SPI_Read                                text17       00131
int$flags                                  (abs)        0007E
intlevel0                                  functab      00000
intlevel1                                  functab      00000
intlevel2                                  functab      00000
intlevel3                                  functab      00000
intlevel4                                  functab      00000
intlevel5                                  functab      00000
main@AccelX                                cstackBANK1  000A0
main@AccelXtemp                            cstackBANK1  000A6
main@AccelY                                cstackBANK1  000A2
main@AccelYtemp                            cstackBANK1  000A8
main@AccelZ                                cstackBANK1  000A4
main@AccelZtemp                            cstackBANK1  000AA
main@counter                               cstackBANK1  000AD
main@i2cStatus                             cstackBANK1  000AC
reset_vec                                  reset_vec    00000
stackhi                                    (abs)        023EF
stacklo                                    (abs)        02065
start                                      init         00028
start_initialization                       cinit        0002A
wtemp0                                     (abs)        0007E


FUNCTION INFORMATION:

 *************** function _main *****************
 Defined at:
		line 45 in file "main.c"
 Parameters:    Size  Location     Type
		None
 Auto vars:     Size  Location     Type
  AccelZtemp      2   10[BANK1 ] int 
  AccelYtemp      2    8[BANK1 ] int 
  AccelXtemp      2    6[BANK1 ] int 
  AccelZ          2    4[BANK1 ] int 
  AccelY          2    2[BANK1 ] int 
  AccelX          2    0[BANK1 ] int 
  z               2    0        short 
  y               2    0        short 
  x               2    0        short 
  counter         1   13[BANK1 ] unsigned char 
  i2cStatus       1   12[BANK1 ] unsigned char 
  TempZLSB        1    0        unsigned char 
  TempZMSB        1    0        unsigned char 
  TempYLSB        1    0        unsigned char 
  TempYMSB        1    0        unsigned char 
  TempXLSB        1    0        unsigned char 
  TempXMSB        1    0        unsigned char 
  AccelStatus     1    0        unsigned char 
  DeviceID        1    0        unsigned char 
 Return value:  Size  Location     Type
                  1    wreg      void 
 Registers used:
		wreg, fsr1l, fsr1h, status,2, status,0, pclath, cstack
 Tracked objects:
		On entry : 
		On exit  : 
		Unchanged: 
 Data sizes:     COMMON   BANK0   BANK1   BANK2   BANK3   BANK4   BANK5   BANK6   BANK7   BANK8   BANK9  BANK10  BANK11  BANK12
      Params:         0       0       0       0       0       0       0       0       0       0       0       0       0       0
      Locals:         0       0      14       0       0       0       0       0       0       0       0       0       0       0
      Temps:          0       1       0       0       0       0       0       0       0       0       0       0       0       0
      Totals:         0       1      14       0       0       0       0       0       0       0       0       0       0       0
Total ram usage:       15 bytes
 Hardware stack levels required when called:    8
 This function calls:
		_ADXL345_Init
		_SYSTEM_Initialize
 This function is called by:
		Startup code after reset
 This function uses a non-reentrant model


 *************** function _SYSTEM_Initialize *****************
 Defined at:
		line 77 in file "mcc.c"
 Parameters:    Size  Location     Type
		None
 Auto vars:     Size  Location     Type
		None
 Return value:  Size  Location     Type
                  1    wreg      void 
 Registers used:
		wreg, status,2, status,0, pclath, cstack
 Tracked objects:
		On entry : 
		On exit  : 
		Unchanged: 
 Data sizes:     COMMON   BANK0   BANK1   BANK2   BANK3   BANK4   BANK5   BANK6   BANK7   BANK8   BANK9  BANK10  BANK11  BANK12
      Params:         0       0       0       0       0       0       0       0       0       0       0       0       0       0
      Locals:         0       0       0       0       0       0       0       0       0       0       0       0       0       0
      Temps:          0       0       0       0       0       0       0       0       0       0       0       0       0       0
      Totals:         0       0       0       0       0       0       0       0       0       0       0       0       0       0
Total ram usage:        0 bytes
 Hardware stack levels used:    1
 Hardware stack levels required when called:    7
 This function calls:
		_OSCILLATOR_Initialize
		_PIN_MANAGER_Initialize
		_TMR0_Initialize
 This function is called by:
		_main
 This function uses a non-reentrant model


 *************** function _TMR0_Initialize *****************
 Defined at:
		line 65 in file "tmr0.c"
 Parameters:    Size  Location     Type
		None
 Auto vars:     Size  Location     Type
		None
 Return value:  Size  Location     Type
                  1    wreg      void 
 Registers used:
		wreg, status,2, status,0, pclath, cstack
 Tracked objects:
		On entry : 
		On exit  : 
		Unchanged: 
 Data sizes:     COMMON   BANK0   BANK1   BANK2   BANK3   BANK4   BANK5   BANK6   BANK7   BANK8   BANK9  BANK10  BANK11  BANK12
      Params:         0       0       0       0       0       0       0       0       0       0       0       0       0       0
      Locals:         0       0       0       0       0       0       0       0       0       0       0       0       0       0
      Temps:          0       1       0       0       0       0       0       0       0       0       0       0       0       0
      Totals:         0       1       0       0       0       0       0       0       0       0       0       0       0       0
Total ram usage:        1 bytes
 Hardware stack levels used:    1
 Hardware stack levels required when called:    6
 This function calls:
		_TMR0_SetInterruptHandler
 This function is called by:
		_SYSTEM_Initialize
 This function uses a non-reentrant model


 *************** function _TMR0_SetInterruptHandler *****************
 Defined at:
		line 149 in file "tmr0.c"
 Parameters:    Size  Location     Type
  InterruptHan    2    5[BANK0 ] PTR FTN()void 
		 -> TMR0_DefaultInterruptHandler(1), 
 Auto vars:     Size  Location     Type
		None
 Return value:  Size  Location     Type
                  1    wreg      void 
 Registers used:
		wreg
 Tracked objects:
		On entry : 
		On exit  : 
		Unchanged: 
 Data sizes:     COMMON   BANK0   BANK1   BANK2   BANK3   BANK4   BANK5   BANK6   BANK7   BANK8   BANK9  BANK10  BANK11  BANK12
      Params:         0       2       0       0       0       0       0       0       0       0       0       0       0       0
      Locals:         0       0       0       0       0       0       0       0       0       0       0       0       0       0
      Temps:          0       0       0       0       0       0       0       0       0       0       0       0       0       0
      Totals:         0       2       0       0       0       0       0       0       0       0       0       0       0       0
Total ram usage:        2 bytes
 Hardware stack levels used:    1
 Hardware stack levels required when called:    5
 This function calls:
		Nothing
 This function is called by:
		_TMR0_Initialize
 This function uses a non-reentrant model


 *************** function _PIN_MANAGER_Initialize *****************
 Defined at:
		line 52 in file "pin_manager.c"
 Parameters:    Size  Location     Type
		None
 Auto vars:     Size  Location     Type
		None
 Return value:  Size  Location     Type
                  1    wreg      void 
 Registers used:
		wreg, status,2
 Tracked objects:
		On entry : 
		On exit  : 
		Unchanged: 
 Data sizes:     COMMON   BANK0   BANK1   BANK2   BANK3   BANK4   BANK5   BANK6   BANK7   BANK8   BANK9  BANK10  BANK11  BANK12
      Params:         0       0       0       0       0       0       0       0       0       0       0       0       0       0
      Locals:         0       0       0       0       0       0       0       0       0       0       0       0       0       0
      Temps:          0       0       0       0       0       0       0       0       0       0       0       0       0       0
      Totals:         0       0       0       0       0       0       0       0       0       0       0       0       0       0
Total ram usage:        0 bytes
 Hardware stack levels used:    1
 Hardware stack levels required when called:    5
 This function calls:
		Nothing
 This function is called by:
		_SYSTEM_Initialize
 This function uses a non-reentrant model


 *************** function _OSCILLATOR_Initialize *****************
 Defined at:
		line 85 in file "mcc.c"
 Parameters:    Size  Location     Type
		None
 Auto vars:     Size  Location     Type
		None
 Return value:  Size  Location     Type
                  1    wreg      void 
 Registers used:
		wreg, status,2
 Tracked objects:
		On entry : 
		On exit  : 
		Unchanged: 
 Data sizes:     COMMON   BANK0   BANK1   BANK2   BANK3   BANK4   BANK5   BANK6   BANK7   BANK8   BANK9  BANK10  BANK11  BANK12
      Params:         0       0       0       0       0       0       0       0       0       0       0       0       0       0
      Locals:         0       0       0       0       0       0       0       0       0       0       0       0       0       0
      Temps:          0       0       0       0       0       0       0       0       0       0       0       0       0       0
      Totals:         0       0       0       0       0       0       0       0       0       0       0       0       0       0
Total ram usage:        0 bytes
 Hardware stack levels used:    1
 Hardware stack levels required when called:    5
 This function calls:
		Nothing
 This function is called by:
		_SYSTEM_Initialize
 This function uses a non-reentrant model


 *************** function _ADXL345_Init *****************
 Defined at:
		line 135 in file "ADXL345.c"
 Parameters:    Size  Location     Type
  commProtocol    1    wreg     unsigned char 
 Auto vars:     Size  Location     Type
  commProtocol    1   22[BANK0 ] unsigned char 
  status          1   23[BANK0 ] unsigned char 
 Return value:  Size  Location     Type
                  1    wreg      unsigned char 
 Registers used:
		wreg, fsr1l, fsr1h, status,2, status,0, pclath, cstack
 Tracked objects:
		On entry : 
		On exit  : 
		Unchanged: 
 Data sizes:     COMMON   BANK0   BANK1   BANK2   BANK3   BANK4   BANK5   BANK6   BANK7   BANK8   BANK9  BANK10  BANK11  BANK12
      Params:         0       0       0       0       0       0       0       0       0       0       0       0       0       0
      Locals:         0       2       0       0       0       0       0       0       0       0       0       0       0       0
      Temps:          0       1       0       0       0       0       0       0       0       0       0       0       0       0
      Totals:         0       3       0       0       0       0       0       0       0       0       0       0       0       0
Total ram usage:        3 bytes
 Hardware stack levels used:    1
 Hardware stack levels required when called:    7
 This function calls:
		_ADXL345_GetRegisterValue
		_I2C_Init
		_SPI_Init
 This function is called by:
		_main
 This function uses a non-reentrant model


 *************** function _SPI_Init *****************
 Defined at:
		line 221 in file "Communication.c"
 Parameters:    Size  Location     Type
  lsbFirst        1    wreg     unsigned char 
  clockFreq       4    5[BANK0 ] unsigned long 
  clockPol        1    9[BANK0 ] unsigned char 
  clockEdg        1   10[BANK0 ] unsigned char 
 Auto vars:     Size  Location     Type
  lsbFirst        1    0[COMMON] unsigned char 
  pbFrequency     4   11[BANK0 ] unsigned long 
  brgValue        2   15[BANK0 ] unsigned short 
  status          1   17[BANK0 ] unsigned char 
 Return value:  Size  Location     Type
                  1    wreg      unsigned char 
 Registers used:
		wreg, status,2, status,0
 Tracked objects:
		On entry : 
		On exit  : 
		Unchanged: 
 Data sizes:     COMMON   BANK0   BANK1   BANK2   BANK3   BANK4   BANK5   BANK6   BANK7   BANK8   BANK9  BANK10  BANK11  BANK12
      Params:         0       6       0       0       0       0       0       0       0       0       0       0       0       0
      Locals:         0       7       0       0       0       0       0       0       0       0       0       0       0       0
      Temps:          0       0       0       0       0       0       0       0       0       0       0       0       0       0
      Totals:         0      13       0       0       0       0       0       0       0       0       0       0       0       0
Total ram usage:       13 bytes
 Hardware stack levels used:    1
 Hardware stack levels required when called:    5
 This function calls:
		Nothing
 This function is called by:
		_ADXL345_Init
 This function uses a non-reentrant model


 *************** function _I2C_Init *****************
 Defined at:
		line 57 in file "Communication.c"
 Parameters:    Size  Location     Type
  clockFreq       4    5[BANK0 ] unsigned long 
 Auto vars:     Size  Location     Type
  pbFrequency     4    9[BANK0 ] unsigned long 
  brgValue        2   13[BANK0 ] unsigned short 
  status          1   15[BANK0 ] unsigned char 
 Return value:  Size  Location     Type
                  1    wreg      unsigned char 
 Registers used:
		wreg, status,2
 Tracked objects:
		On entry : 
		On exit  : 
		Unchanged: 
 Data sizes:     COMMON   BANK0   BANK1   BANK2   BANK3   BANK4   BANK5   BANK6   BANK7   BANK8   BANK9  BANK10  BANK11  BANK12
      Params:         0       4       0       0       0       0       0       0       0       0       0       0       0       0
      Locals:         0       7       0       0       0       0       0       0       0       0       0       0       0       0
      Temps:          0       0       0       0       0       0       0       0       0       0       0       0       0       0
      Totals:         0      11       0       0       0       0       0       0       0       0       0       0       0       0
Total ram usage:       11 bytes
 Hardware stack levels used:    1
 Hardware stack levels required when called:    5
 This function calls:
		Nothing
 This function is called by:
		_ADXL345_Init
 This function uses a non-reentrant model


 *************** function _ADXL345_GetRegisterValue *****************
 Defined at:
		line 67 in file "ADXL345.c"
 Parameters:    Size  Location     Type
  registerAddr    1    wreg     unsigned char 
 Auto vars:     Size  Location     Type
  registerAddr    1   17[BANK0 ] unsigned char 
  dataBuffer      2   18[BANK0 ] unsigned char [2]
  registerValu    1   20[BANK0 ] unsigned char 
 Return value:  Size  Location     Type
                  1    wreg      unsigned char 
 Registers used:
		wreg, fsr1l, fsr1h, status,2, status,0, pclath, cstack
 Tracked objects:
		On entry : 
		On exit  : 
		Unchanged: 
 Data sizes:     COMMON   BANK0   BANK1   BANK2   BANK3   BANK4   BANK5   BANK6   BANK7   BANK8   BANK9  BANK10  BANK11  BANK12
      Params:         0       0       0       0       0       0       0       0       0       0       0       0       0       0
      Locals:         0       4       0       0       0       0       0       0       0       0       0       0       0       0
      Temps:          0       2       0       0       0       0       0       0       0       0       0       0       0       0
      Totals:         0       6       0       0       0       0       0       0       0       0       0       0       0       0
Total ram usage:        6 bytes
 Hardware stack levels used:    1
 Hardware stack levels required when called:    6
 This function calls:
		_I2C_Read
		_I2C_Write
		_SPI_Read
 This function is called by:
		_ADXL345_Init
		_ADXL345_SetPowerMode
		_ADXL345_SetTapDetection
		_ADXL345_SetActivityDetection
		_ADXL345_SetInactivityDetection
		_ADXL345_SetFreeFallDetection
		_ADXL345_SetRangeResolution
 This function uses a non-reentrant model


 *************** function _SPI_Read *****************
 Defined at:
		line 261 in file "Communication.c"
 Parameters:    Size  Location     Type
  slaveDeviceI    1    wreg     unsigned char 
  data            1    5[BANK0 ] PTR unsigned char 
		 -> ADXL345_GetXyz@readBuffer(7), ADXL345_GetRegisterValue@dataBuffer(2), 
  bytesNumber     1    6[BANK0 ] unsigned char 
 Auto vars:     Size  Location     Type
  slaveDeviceI    1   13[BANK0 ] unsigned char 
  writeBuffer     4    9[BANK0 ] unsigned char [4]
  byte            1   14[BANK0 ] unsigned char 
 Return value:  Size  Location     Type
                  1    wreg      unsigned char 
 Registers used:
		wreg, fsr1l, fsr1h, status,2, status,0
 Tracked objects:
		On entry : 
		On exit  : 
		Unchanged: 
 Data sizes:     COMMON   BANK0   BANK1   BANK2   BANK3   BANK4   BANK5   BANK6   BANK7   BANK8   BANK9  BANK10  BANK11  BANK12
      Params:         0       2       0       0       0       0       0       0       0       0       0       0       0       0
      Locals:         0       6       0       0       0       0       0       0       0       0       0       0       0       0
      Temps:          0       2       0       0       0       0       0       0       0       0       0       0       0       0
      Totals:         0      10       0       0       0       0       0       0       0       0       0       0       0       0
Total ram usage:       10 bytes
 Hardware stack levels used:    1
 Hardware stack levels required when called:    5
 This function calls:
		Nothing
 This function is called by:
		_ADXL345_GetRegisterValue
		_ADXL345_GetXyz
 This function uses a non-reentrant model


 *************** function _I2C_Write *****************
 Defined at:
		line 100 in file "Communication.c"
 Parameters:    Size  Location     Type
  slaveAddress    1    wreg     unsigned char 
  dataBuffer      1    5[BANK0 ] PTR unsigned char 
		 -> ADXL345_GetXyz@firstRegAddress(1), ADXL345_SetRegisterValue@dataBuffer(2), ADXL345_GetRegisterValue@registerAddress(1), 
  bytesNumber     1    6[BANK0 ] unsigned char 
  stopBit         1    7[BANK0 ] unsigned char 
 Auto vars:     Size  Location     Type
  slaveAddress    1   10[BANK0 ] unsigned char 
  byte            1   12[BANK0 ] unsigned char 
  acknowledge     1   11[BANK0 ] unsigned char 
  status          1    9[BANK0 ] unsigned char 
 Return value:  Size  Location     Type
                  1    wreg      unsigned char 
 Registers used:
		wreg, fsr1l, fsr1h, status,2, status,0
 Tracked objects:
		On entry : 
		On exit  : 
		Unchanged: 
 Data sizes:     COMMON   BANK0   BANK1   BANK2   BANK3   BANK4   BANK5   BANK6   BANK7   BANK8   BANK9  BANK10  BANK11  BANK12
      Params:         0       3       0       0       0       0       0       0       0       0       0       0       0       0
      Locals:         0       4       0       0       0       0       0       0       0       0       0       0       0       0
      Temps:          0       1       0       0       0       0       0       0       0       0       0       0       0       0
      Totals:         0       8       0       0       0       0       0       0       0       0       0       0       0       0
Total ram usage:        8 bytes
 Hardware stack levels used:    1
 Hardware stack levels required when called:    5
 This function calls:
		Nothing
 This function is called by:
		_ADXL345_GetRegisterValue
		_ADXL345_SetRegisterValue
		_ADXL345_GetXyz
 This function uses a non-reentrant model


 *************** function _I2C_Read *****************
 Defined at:
		line 152 in file "Communication.c"
 Parameters:    Size  Location     Type
  slaveAddress    1    wreg     unsigned char 
  dataBuffer      1    5[BANK0 ] PTR unsigned char 
		 -> ADXL345_GetXyz@readBuffer(7), ADXL345_GetRegisterValue@registerValue(1), 
  bytesNumber     1    6[BANK0 ] unsigned char 
  stopBit         1    7[BANK0 ] unsigned char 
 Auto vars:     Size  Location     Type
  slaveAddress    1   11[BANK0 ] unsigned char 
  byte            1   13[BANK0 ] unsigned char 
  acknowledge     1   12[BANK0 ] unsigned char 
  status          1   10[BANK0 ] unsigned char 
 Return value:  Size  Location     Type
                  1    wreg      unsigned char 
 Registers used:
		wreg, fsr1l, fsr1h, status,2, status,0
 Tracked objects:
		On entry : 
		On exit  : 
		Unchanged: 
 Data sizes:     COMMON   BANK0   BANK1   BANK2   BANK3   BANK4   BANK5   BANK6   BANK7   BANK8   BANK9  BANK10  BANK11  BANK12
      Params:         0       3       0       0       0       0       0       0       0       0       0       0       0       0
      Locals:         0       4       0       0       0       0       0       0       0       0       0       0       0       0
      Temps:          0       2       0       0       0       0       0       0       0       0       0       0       0       0
      Totals:         0       9       0       0       0       0       0       0       0       0       0       0       0       0
Total ram usage:        9 bytes
 Hardware stack levels used:    1
 Hardware stack levels required when called:    5
 This function calls:
		Nothing
 This function is called by:
		_ADXL345_GetRegisterValue
		_ADXL345_GetXyz
 This function uses a non-reentrant model


 *************** function _INTERRUPT_InterruptManager *****************
 Defined at:
		line 51 in file "interrupt_manager.c"
 Parameters:    Size  Location     Type
		None
 Auto vars:     Size  Location     Type
		None
 Return value:  Size  Location     Type
                  1    wreg      void 
 Registers used:
		wreg, fsr1l, fsr1h, status,2, status,0, pclath, cstack
 Tracked objects:
		On entry : 
		On exit  : 
		Unchanged: 
 Data sizes:     COMMON   BANK0   BANK1   BANK2   BANK3   BANK4   BANK5   BANK6   BANK7   BANK8   BANK9  BANK10  BANK11  BANK12
      Params:         0       0       0       0       0       0       0       0       0       0       0       0       0       0
      Locals:         0       0       0       0       0       0       0       0       0       0       0       0       0       0
      Temps:          0       1       0       0       0       0       0       0       0       0       0       0       0       0
      Totals:         0       1       0       0       0       0       0       0       0       0       0       0       0       0
Total ram usage:        1 bytes
 Hardware stack levels used:    1
 Hardware stack levels required when called:    4
 This function calls:
		_I2C_BusCollisionISR
		_TMR0_ISR
 This function is called by:
		Interrupt level 1
 This function uses a non-reentrant model


 *************** function _TMR0_ISR *****************
 Defined at:
		line 115 in file "tmr0.c"
 Parameters:    Size  Location     Type
		None
 Auto vars:     Size  Location     Type
		None
 Return value:  Size  Location     Type
                  1    wreg      void 
 Registers used:
		wreg, fsr1l, fsr1h, status,2, status,0, pclath, cstack
 Tracked objects:
		On entry : 
		On exit  : 
		Unchanged: 
 Data sizes:     COMMON   BANK0   BANK1   BANK2   BANK3   BANK4   BANK5   BANK6   BANK7   BANK8   BANK9  BANK10  BANK11  BANK12
      Params:         0       0       0       0       0       0       0       0       0       0       0       0       0       0
      Locals:         0       0       0       0       0       0       0       0       0       0       0       0       0       0
      Temps:          0       0       0       0       0       0       0       0       0       0       0       0       0       0
      Totals:         0       0       0       0       0       0       0       0       0       0       0       0       0       0
Total ram usage:        0 bytes
 Hardware stack levels used:    1
 Hardware stack levels required when called:    3
 This function calls:
		_TMR0_CallBack
 This function is called by:
		_INTERRUPT_InterruptManager
 This function uses a non-reentrant model


 *************** function _TMR0_CallBack *****************
 Defined at:
		line 138 in file "tmr0.c"
 Parameters:    Size  Location     Type
		None
 Auto vars:     Size  Location     Type
  DeviceID        1   13[COMMON] unsigned char 
 Return value:  Size  Location     Type
                  1    wreg      void 
 Registers used:
		wreg, fsr1l, fsr1h, status,2, status,0, pclath, cstack
 Tracked objects:
		On entry : 
		On exit  : 
		Unchanged: 
 Data sizes:     COMMON   BANK0   BANK1   BANK2   BANK3   BANK4   BANK5   BANK6   BANK7   BANK8   BANK9  BANK10  BANK11  BANK12
      Params:         0       0       0       0       0       0       0       0       0       0       0       0       0       0
      Locals:         1       0       0       0       0       0       0       0       0       0       0       0       0       0
      Temps:          1       0       0       0       0       0       0       0       0       0       0       0       0       0
      Totals:         2       0       0       0       0       0       0       0       0       0       0       0       0       0
Total ram usage:        2 bytes
 Hardware stack levels used:    1
 Hardware stack levels required when called:    2
 This function calls:
		Absolute function
		_TMR0_DefaultInterruptHandler
		i1_ADXL345_GetRegisterValue
 This function is called by:
		_TMR0_ISR
 This function uses a non-reentrant model


 *************** function i1_ADXL345_GetRegisterValue *****************
 Defined at:
		line 67 in file "ADXL345.c"
 Parameters:    Size  Location     Type
  registerAddr    1    wreg     unsigned char 
 Auto vars:     Size  Location     Type
  registerAddr    1    2[BANK0 ] unsigned char 
  ADXL345_GetR    2    0[BANK0 ] unsigned char [2]
  ADXL345_GetR    1    3[BANK0 ] unsigned char 
 Return value:  Size  Location     Type
                  1    wreg      unsigned char 
 Registers used:
		wreg, fsr1l, fsr1h, status,2, status,0, pclath, cstack
 Tracked objects:
		On entry : 
		On exit  : 
		Unchanged: 
 Data sizes:     COMMON   BANK0   BANK1   BANK2   BANK3   BANK4   BANK5   BANK6   BANK7   BANK8   BANK9  BANK10  BANK11  BANK12
      Params:         0       0       0       0       0       0       0       0       0       0       0       0       0       0
      Locals:         0       4       0       0       0       0       0       0       0       0       0       0       0       0
      Temps:          2       0       0       0       0       0       0       0       0       0       0       0       0       0
      Totals:         2       4       0       0       0       0       0       0       0       0       0       0       0       0
Total ram usage:        6 bytes
 Hardware stack levels used:    1
 Hardware stack levels required when called:    1
 This function calls:
		i1_I2C_Read
		i1_I2C_Write
		i1_SPI_Read
 This function is called by:
		_TMR0_CallBack
 This function uses a non-reentrant model


 *************** function i1_SPI_Read *****************
 Defined at:
		line 261 in file "Communication.c"
 Parameters:    Size  Location     Type
  slaveDeviceI    1    wreg     unsigned char 
  data            1    0[COMMON] PTR unsigned char 
		 -> ADXL345_GetXyz@readBuffer(7), ADXL345_GetRegisterValue@dataBuffer(2), 
  bytesNumber     1    1[COMMON] unsigned char 
 Auto vars:     Size  Location     Type
  slaveDeviceI    1    8[COMMON] unsigned char 
  SPI_Read        4    4[COMMON] unsigned char [4]
  SPI_Read        1    9[COMMON] unsigned char 
 Return value:  Size  Location     Type
                  1    wreg      unsigned char 
 Registers used:
		wreg, fsr1l, fsr1h, status,2, status,0
 Tracked objects:
		On entry : 
		On exit  : 
		Unchanged: 
 Data sizes:     COMMON   BANK0   BANK1   BANK2   BANK3   BANK4   BANK5   BANK6   BANK7   BANK8   BANK9  BANK10  BANK11  BANK12
      Params:         2       0       0       0       0       0       0       0       0       0       0       0       0       0
      Locals:         6       0       0       0       0       0       0       0       0       0       0       0       0       0
      Temps:          2       0       0       0       0       0       0       0       0       0       0       0       0       0
      Totals:        10       0       0       0       0       0       0       0       0       0       0       0       0       0
Total ram usage:       10 bytes
 Hardware stack levels used:    1
 This function calls:
		Nothing
 This function is called by:
		i1_ADXL345_GetRegisterValue
 This function uses a non-reentrant model


 *************** function i1_I2C_Write *****************
 Defined at:
		line 100 in file "Communication.c"
 Parameters:    Size  Location     Type
  slaveAddress    1    wreg     unsigned char 
  dataBuffer      1    0[COMMON] PTR unsigned char 
		 -> ADXL345_GetXyz@firstRegAddress(1), ADXL345_SetRegisterValue@dataBuffer(2), ADXL345_GetRegisterValue@registerAddress(1), 
  bytesNumber     1    1[COMMON] unsigned char 
  stopBit         1    2[COMMON] unsigned char 
 Auto vars:     Size  Location     Type
  slaveAddress    1    5[COMMON] unsigned char 
  I2C_Write       1    7[COMMON] unsigned char 
  I2C_Write       1    6[COMMON] unsigned char 
  I2C_Write       1    4[COMMON] unsigned char 
 Return value:  Size  Location     Type
                  1    wreg      unsigned char 
 Registers used:
		wreg, fsr1l, fsr1h, status,2, status,0
 Tracked objects:
		On entry : 
		On exit  : 
		Unchanged: 
 Data sizes:     COMMON   BANK0   BANK1   BANK2   BANK3   BANK4   BANK5   BANK6   BANK7   BANK8   BANK9  BANK10  BANK11  BANK12
      Params:         3       0       0       0       0       0       0       0       0       0       0       0       0       0
      Locals:         4       0       0       0       0       0       0       0       0       0       0       0       0       0
      Temps:          1       0       0       0       0       0       0       0       0       0       0       0       0       0
      Totals:         8       0       0       0       0       0       0       0       0       0       0       0       0       0
Total ram usage:        8 bytes
 Hardware stack levels used:    1
 This function calls:
		Nothing
 This function is called by:
		i1_ADXL345_GetRegisterValue
 This function uses a non-reentrant model


 *************** function i1_I2C_Read *****************
 Defined at:
		line 152 in file "Communication.c"
 Parameters:    Size  Location     Type
  slaveAddress    1    wreg     unsigned char 
  dataBuffer      1    0[COMMON] PTR unsigned char 
		 -> ADXL345_GetXyz@readBuffer(7), ADXL345_GetRegisterValue@registerValue(1), 
  bytesNumber     1    1[COMMON] unsigned char 
  stopBit         1    2[COMMON] unsigned char 
 Auto vars:     Size  Location     Type
  slaveAddress    1    6[COMMON] unsigned char 
  I2C_Read        1    8[COMMON] unsigned char 
  I2C_Read        1    7[COMMON] unsigned char 
  I2C_Read        1    5[COMMON] unsigned char 
 Return value:  Size  Location     Type
                  1    wreg      unsigned char 
 Registers used:
		wreg, fsr1l, fsr1h, status,2, status,0
 Tracked objects:
		On entry : 
		On exit  : 
		Unchanged: 
 Data sizes:     COMMON   BANK0   BANK1   BANK2   BANK3   BANK4   BANK5   BANK6   BANK7   BANK8   BANK9  BANK10  BANK11  BANK12
      Params:         3       0       0       0       0       0       0       0       0       0       0       0       0       0
      Locals:         4       0       0       0       0       0       0       0       0       0       0       0       0       0
      Temps:          2       0       0       0       0       0       0       0       0       0       0       0       0       0
      Totals:         9       0       0       0       0       0       0       0       0       0       0       0       0       0
Total ram usage:        9 bytes
 Hardware stack levels used:    1
 This function calls:
		Nothing
 This function is called by:
		i1_ADXL345_GetRegisterValue
 This function uses a non-reentrant model


 *************** function _TMR0_DefaultInterruptHandler *****************
 Defined at:
		line 153 in file "tmr0.c"
 Parameters:    Size  Location     Type
		None
 Auto vars:     Size  Location     Type
		None
 Return value:  Size  Location     Type
                  1    wreg      void 
 Registers used:
		None
 Tracked objects:
		On entry : 
		On exit  : 
		Unchanged: 
 Data sizes:     COMMON   BANK0   BANK1   BANK2   BANK3   BANK4   BANK5   BANK6   BANK7   BANK8   BANK9  BANK10  BANK11  BANK12
      Params:         0       0       0       0       0       0       0       0       0       0       0       0       0       0
      Locals:         0       0       0       0       0       0       0       0       0       0       0       0       0       0
      Temps:          0       0       0       0       0       0       0       0       0       0       0       0       0       0
      Totals:         0       0       0       0       0       0       0       0       0       0       0       0       0       0
Total ram usage:        0 bytes
 Hardware stack levels used:    1
 This function calls:
		Nothing
 This function is called by:
		_TMR0_Initialize
		_TMR0_CallBack
 This function uses a non-reentrant model


 *************** function _I2C_BusCollisionISR *****************
 Defined at:
		line 728 in file "i2c.c"
 Parameters:    Size  Location     Type
		None
 Auto vars:     Size  Location     Type
		None
 Return value:  Size  Location     Type
                  1    wreg      void 
 Registers used:
		None
 Tracked objects:
		On entry : 
		On exit  : 
		Unchanged: 
 Data sizes:     COMMON   BANK0   BANK1   BANK2   BANK3   BANK4   BANK5   BANK6   BANK7   BANK8   BANK9  BANK10  BANK11  BANK12
      Params:         0       0       0       0       0       0       0       0       0       0       0       0       0       0
      Locals:         0       0       0       0       0       0       0       0       0       0       0       0       0       0
      Temps:          0       0       0       0       0       0       0       0       0       0       0       0       0       0
      Totals:         0       0       0       0       0       0       0       0       0       0       0       0       0       0
Total ram usage:        0 bytes
 Hardware stack levels used:    1
 This function calls:
		Nothing
 This function is called by:
		_INTERRUPT_InterruptManager
 This function uses a non-reentrant model



MODULE INFORMATION

Module		Function		Class		Link	Load	Size
i2c.c
		_I2C_BusCollisionISR		CODE           	039A	0000	4

i2c.c estimated size: 4

ADXL345.c
		_ADXL345_Init  		CODE           	01BC	0000	62
		_ADXL345_GetRegisterValue		CODE           	01F9	0000	61

ADXL345.c estimated size: 123

tmr0.c
		_TMR0_SetInterruptHandler		CODE           	0394	0000	7
		_TMR0_DefaultInterruptHandler		CODE           	039D	0000	2
		_TMR0_CallBack 		CODE           	036C	0000	19
		_TMR0_ISR      		CODE           	02F9	0000	34
		_TMR0_Initialize		CODE           	0357	0000	22

tmr0.c estimated size: 84

Communication.c
		_I2C_Write     		CODE           	017E	0000	63
		_I2C_Read      		CODE           	003D	0000	87
		_SPI_Read      		CODE           	0093	0000	81
		_I2C_Init      		CODE           	031A	0000	33
		_SPI_Init      		CODE           	02D3	0000	39

Communication.c estimated size: 303

shared
		i1_I2C_Write   		CODE           	0235	0000	61
		__initialization		CODE           	002A	0000	16
		i1_I2C_Read    		CODE           	00E3	0000	79
		i1_SPI_Read    		CODE           	0131	0000	78
		i1_ADXL345_GetRegisterValue		CODE           	0271	0000	60

shared estimated size: 294

mcc.c
		_OSCILLATOR_Initialize		CODE           	0387	0000	8
		_SYSTEM_Initialize		CODE           	037E	0000	10

mcc.c estimated size: 18

interrupt_manager.c
		_INTERRUPT_InterruptManager		CODE           	0004	0000	37

interrupt_manager.c estimated size: 37

pin_manager.c
		_PIN_MANAGER_Initialize		CODE           	02AC	0000	40

pin_manager.c estimated size: 40

main.c
		_main          		CODE           	033A	0000	30

main.c estimated size: 30

